Archive member included to satisfy reference by file (symbol)

c:/st/stm32cubeide_1.5.0/stm32cubeide/plugins/com.st.stm32cube.ide.mcu.externaltools.gnu-tools-for-stm32.7-2018-q2-update.win32_1.5.0.202011040924/tools/bin/../lib/gcc/arm-none-eabi/7.3.1/../../../../arm-none-eabi/lib/thumb/v8-m.main/fpv5-sp/hard\libc_nano.a(lib_a-errno.o)
                              Application/User/syscalls.o (__errno)
c:/st/stm32cubeide_1.5.0/stm32cubeide/plugins/com.st.stm32cube.ide.mcu.externaltools.gnu-tools-for-stm32.7-2018-q2-update.win32_1.5.0.202011040924/tools/bin/../lib/gcc/arm-none-eabi/7.3.1/../../../../arm-none-eabi/lib/thumb/v8-m.main/fpv5-sp/hard\libc_nano.a(lib_a-exit.o)
                              c:/st/stm32cubeide_1.5.0/stm32cubeide/plugins/com.st.stm32cube.ide.mcu.externaltools.gnu-tools-for-stm32.7-2018-q2-update.win32_1.5.0.202011040924/tools/bin/../lib/gcc/arm-none-eabi/7.3.1/../../../../arm-none-eabi/lib/thumb/v8-m.main/fpv5-sp/hard/crt0.o (exit)
c:/st/stm32cubeide_1.5.0/stm32cubeide/plugins/com.st.stm32cube.ide.mcu.externaltools.gnu-tools-for-stm32.7-2018-q2-update.win32_1.5.0.202011040924/tools/bin/../lib/gcc/arm-none-eabi/7.3.1/../../../../arm-none-eabi/lib/thumb/v8-m.main/fpv5-sp/hard\libc_nano.a(lib_a-impure.o)
                              c:/st/stm32cubeide_1.5.0/stm32cubeide/plugins/com.st.stm32cube.ide.mcu.externaltools.gnu-tools-for-stm32.7-2018-q2-update.win32_1.5.0.202011040924/tools/bin/../lib/gcc/arm-none-eabi/7.3.1/../../../../arm-none-eabi/lib/thumb/v8-m.main/fpv5-sp/hard\libc_nano.a(lib_a-exit.o) (_global_impure_ptr)
c:/st/stm32cubeide_1.5.0/stm32cubeide/plugins/com.st.stm32cube.ide.mcu.externaltools.gnu-tools-for-stm32.7-2018-q2-update.win32_1.5.0.202011040924/tools/bin/../lib/gcc/arm-none-eabi/7.3.1/../../../../arm-none-eabi/lib/thumb/v8-m.main/fpv5-sp/hard\libc_nano.a(lib_a-init.o)
                              c:/st/stm32cubeide_1.5.0/stm32cubeide/plugins/com.st.stm32cube.ide.mcu.externaltools.gnu-tools-for-stm32.7-2018-q2-update.win32_1.5.0.202011040924/tools/bin/../lib/gcc/arm-none-eabi/7.3.1/../../../../arm-none-eabi/lib/thumb/v8-m.main/fpv5-sp/hard/crt0.o (__libc_init_array)
c:/st/stm32cubeide_1.5.0/stm32cubeide/plugins/com.st.stm32cube.ide.mcu.externaltools.gnu-tools-for-stm32.7-2018-q2-update.win32_1.5.0.202011040924/tools/bin/../lib/gcc/arm-none-eabi/7.3.1/../../../../arm-none-eabi/lib/thumb/v8-m.main/fpv5-sp/hard\libc_nano.a(lib_a-memset.o)
                              c:/st/stm32cubeide_1.5.0/stm32cubeide/plugins/com.st.stm32cube.ide.mcu.externaltools.gnu-tools-for-stm32.7-2018-q2-update.win32_1.5.0.202011040924/tools/bin/../lib/gcc/arm-none-eabi/7.3.1/../../../../arm-none-eabi/lib/thumb/v8-m.main/fpv5-sp/hard/crt0.o (memset)
c:/st/stm32cubeide_1.5.0/stm32cubeide/plugins/com.st.stm32cube.ide.mcu.externaltools.gnu-tools-for-stm32.7-2018-q2-update.win32_1.5.0.202011040924/tools/bin/../lib/gcc/arm-none-eabi/7.3.1/thumb/v8-m.main/fpv5-sp/hard\libgcc.a(cmse_nonsecure_call.o)
                              Application/User/main.o (__gnu_cmse_nonsecure_call)

Discarded input sections

 .text          0x0000000000000000        0x0 c:/st/stm32cubeide_1.5.0/stm32cubeide/plugins/com.st.stm32cube.ide.mcu.externaltools.gnu-tools-for-stm32.7-2018-q2-update.win32_1.5.0.202011040924/tools/bin/../lib/gcc/arm-none-eabi/7.3.1/thumb/v8-m.main/fpv5-sp/hard/crti.o
 .data          0x0000000000000000        0x0 c:/st/stm32cubeide_1.5.0/stm32cubeide/plugins/com.st.stm32cube.ide.mcu.externaltools.gnu-tools-for-stm32.7-2018-q2-update.win32_1.5.0.202011040924/tools/bin/../lib/gcc/arm-none-eabi/7.3.1/thumb/v8-m.main/fpv5-sp/hard/crti.o
 .bss           0x0000000000000000        0x0 c:/st/stm32cubeide_1.5.0/stm32cubeide/plugins/com.st.stm32cube.ide.mcu.externaltools.gnu-tools-for-stm32.7-2018-q2-update.win32_1.5.0.202011040924/tools/bin/../lib/gcc/arm-none-eabi/7.3.1/thumb/v8-m.main/fpv5-sp/hard/crti.o
 .data          0x0000000000000000        0x4 c:/st/stm32cubeide_1.5.0/stm32cubeide/plugins/com.st.stm32cube.ide.mcu.externaltools.gnu-tools-for-stm32.7-2018-q2-update.win32_1.5.0.202011040924/tools/bin/../lib/gcc/arm-none-eabi/7.3.1/thumb/v8-m.main/fpv5-sp/hard/crtbegin.o
 .text          0x0000000000000000       0x74 c:/st/stm32cubeide_1.5.0/stm32cubeide/plugins/com.st.stm32cube.ide.mcu.externaltools.gnu-tools-for-stm32.7-2018-q2-update.win32_1.5.0.202011040924/tools/bin/../lib/gcc/arm-none-eabi/7.3.1/../../../../arm-none-eabi/lib/thumb/v8-m.main/fpv5-sp/hard/crt0.o
 .data          0x0000000000000000        0x0 c:/st/stm32cubeide_1.5.0/stm32cubeide/plugins/com.st.stm32cube.ide.mcu.externaltools.gnu-tools-for-stm32.7-2018-q2-update.win32_1.5.0.202011040924/tools/bin/../lib/gcc/arm-none-eabi/7.3.1/../../../../arm-none-eabi/lib/thumb/v8-m.main/fpv5-sp/hard/crt0.o
[...]
Memory Configuration

Name             Origin             Length             Attributes
RAM              0x0000000030000000 0x0000000000018000 xrw
ROM              0x000000000c000000 0x000000000003e000 xr
ROM_NSC          0x000000000c03e000 0x0000000000002000 xr
*default*        0x0000000000000000 0xffffffffffffffff

Linker script and memory map

LOAD c:/st/stm32cubeide_1.5.0/stm32cubeide/plugins/com.st.stm32cube.ide.mcu.externaltools.gnu-tools-for-stm32.7-2018-q2-update.win32_1.5.0.202011040924/tools/bin/../lib/gcc/arm-none-eabi/7.3.1/thumb/v8-m.main/fpv5-sp/hard/crti.o
LOAD c:/st/stm32cubeide_1.5.0/stm32cubeide/plugins/com.st.stm32cube.ide.mcu.externaltools.gnu-tools-for-stm32.7-2018-q2-update.win32_1.5.0.202011040924/tools/bin/../lib/gcc/arm-none-eabi/7.3.1/thumb/v8-m.main/fpv5-sp/hard/crtbegin.o
LOAD c:/st/stm32cubeide_1.5.0/stm32cubeide/plugins/com.st.stm32cube.ide.mcu.externaltools.gnu-tools-for-stm32.7-2018-q2-update.win32_1.5.0.202011040924/tools/bin/../lib/gcc/arm-none-eabi/7.3.1/../../../../arm-none-eabi/lib/thumb/v8-m.main/fpv5-sp/hard/crt0.o
LOAD Application/Startup/startup_stm32l552zetxq.o
LOAD Application/User/main.o
LOAD Application/User/secure_nsc.o
LOAD Application/User/stm32l5xx_hal_msp.o
LOAD Application/User/stm32l5xx_it.o
LOAD Application/User/syscalls.o
LOAD Application/User/sysmem.o
START GROUP
LOAD c:/st/stm32cubeide_1.5.0/stm32cubeide/plugins/com.st.stm32cube.ide.mcu.externaltools.gnu-tools-for-stm32.7-2018-q2-update.win32_1.5.0.202011040924/tools/bin/../lib/gcc/arm-none-eabi/7.3.1/../../../../arm-none-eabi/lib/thumb/v8-m.main/fpv5-sp/hard\libc_nano.a
LOAD c:/st/stm32cubeide_1.5.0/stm32cubeide/plugins/com.st.stm32cube.ide.mcu.externaltools.gnu-tools-for-stm32.7-2018-q2-update.win32_1.5.0.202011040924/tools/bin/../lib/gcc/arm-none-eabi/7.3.1/../../../../arm-none-eabi/lib/thumb/v8-m.main/fpv5-sp/hard\libm.a
END GROUP
START GROUP
LOAD c:/st/stm32cubeide_1.5.0/stm32cubeide/plugins/com.st.stm32cube.ide.mcu.externaltools.gnu-tools-for-stm32.7-2018-q2-update.win32_1.5.0.202011040924/tools/bin/../lib/gcc/arm-none-eabi/7.3.1/thumb/v8-m.main/fpv5-sp/hard\libgcc.a
LOAD c:/st/stm32cubeide_1.5.0/stm32cubeide/plugins/com.st.stm32cube.ide.mcu.externaltools.gnu-tools-for-stm32.7-2018-q2-update.win32_1.5.0.202011040924/tools/bin/../lib/gcc/arm-none-eabi/7.3.1/../../../../arm-none-eabi/lib/thumb/v8-m.main/fpv5-sp/hard\libc_nano.a
END GROUP
START GROUP
LOAD c:/st/stm32cubeide_1.5.0/stm32cubeide/plugins/com.st.stm32cube.ide.mcu.externaltools.gnu-tools-for-stm32.7-2018-q2-update.win32_1.5.0.202011040924/tools/bin/../lib/gcc/arm-none-eabi/7.3.1/thumb/v8-m.main/fpv5-sp/hard\libgcc.a
LOAD c:/st/stm32cubeide_1.5.0/stm32cubeide/plugins/com.st.stm32cube.ide.mcu.externaltools.gnu-tools-for-stm32.7-2018-q2-update.win32_1.5.0.202011040924/tools/bin/../lib/gcc/arm-none-eabi/7.3.1/../../../../arm-none-eabi/lib/thumb/v8-m.main/fpv5-sp/hard\libc_nano.a
LOAD c:/st/stm32cubeide_1.5.0/stm32cubeide/plugins/com.st.stm32cube.ide.mcu.externaltools.gnu-tools-for-stm32.7-2018-q2-update.win32_1.5.0.202011040924/tools/bin/../lib/gcc/arm-none-eabi/7.3.1/../../../../arm-none-eabi/lib/thumb/v8-m.main/fpv5-sp/hard\libnosys.a
END GROUP
START GROUP
LOAD c:/st/stm32cubeide_1.5.0/stm32cubeide/plugins/com.st.stm32cube.ide.mcu.externaltools.gnu-tools-for-stm32.7-2018-q2-update.win32_1.5.0.202011040924/tools/bin/../lib/gcc/arm-none-eabi/7.3.1/thumb/v8-m.main/fpv5-sp/hard\libgcc.a
LOAD c:/st/stm32cubeide_1.5.0/stm32cubeide/plugins/com.st.stm32cube.ide.mcu.externaltools.gnu-tools-for-stm32.7-2018-q2-update.win32_1.5.0.202011040924/tools/bin/../lib/gcc/arm-none-eabi/7.3.1/../../../../arm-none-eabi/lib/thumb/v8-m.main/fpv5-sp/hard\libc_nano.a
LOAD c:/st/stm32cubeide_1.5.0/stm32cubeide/plugins/com.st.stm32cube.ide.mcu.externaltools.gnu-tools-for-stm32.7-2018-q2-update.win32_1.5.0.202011040924/tools/bin/../lib/gcc/arm-none-eabi/7.3.1/../../../../arm-none-eabi/lib/thumb/v8-m.main/fpv5-sp/hard\libnosys.a
END GROUP
LOAD c:/st/stm32cubeide_1.5.0/stm32cubeide/plugins/com.st.stm32cube.ide.mcu.externaltools.gnu-tools-for-stm32.7-2018-q2-update.win32_1.5.0.202011040924/tools/bin/../lib/gcc/arm-none-eabi/7.3.1/thumb/v8-m.main/fpv5-sp/hard/crtend.o
LOAD c:/st/stm32cubeide_1.5.0/stm32cubeide/plugins/com.st.stm32cube.ide.mcu.externaltools.gnu-tools-for-stm32.7-2018-q2-update.win32_1.5.0.202011040924/tools/bin/../lib/gcc/arm-none-eabi/7.3.1/thumb/v8-m.main/fpv5-sp/hard/crtn.o
                0x0000000030018000                _estack = (ORIGIN (RAM) + LENGTH (RAM))
                0x0000000000000200                _Min_Heap_Size = 0x200
                0x0000000000000400                _Min_Stack_Size = 0x400

.isr_vector     0x000000000c000000      0x1f8
                0x000000000c000000                . = ALIGN (0x8)
 *(.isr_vector)
 .isr_vector    0x000000000c000000      0x1f4 Application/Startup/startup_stm32l552zetxq.o
                0x000000000c000000                g_pfnVectors
                0x000000000c0001f8                . = ALIGN (0x8)
 *fill*         0x000000000c0001f4        0x4 

.text           0x000000000c0001f8      0x880
                0x000000000c0001f8                . = ALIGN (0x8)
 *(.text)
 .text          0x000000000c0001f8       0x40 c:/st/stm32cubeide_1.5.0/stm32cubeide/plugins/com.st.stm32cube.ide.mcu.externaltools.gnu-tools-for-stm32.7-2018-q2-update.win32_1.5.0.202011040924/tools/bin/../lib/gcc/arm-none-eabi/7.3.1/thumb/v8-m.main/fpv5-sp/hard/crtbegin.o
 .text          0x000000000c000238       0x5c c:/st/stm32cubeide_1.5.0/stm32cubeide/plugins/com.st.stm32cube.ide.mcu.externaltools.gnu-tools-for-stm32.7-2018-q2-update.win32_1.5.0.202011040924/tools/bin/../lib/gcc/arm-none-eabi/7.3.1/thumb/v8-m.main/fpv5-sp/hard\libgcc.a(cmse_nonsecure_call.o)
                0x000000000c000238                __gnu_cmse_nonsecure_call
 *(.text*)
 .text.Reset_Handler
                0x000000000c000294       0x50 Application/Startup/startup_stm32l552zetxq.o
                0x000000000c000294                Reset_Handler
 .text.Default_Handler
                0x000000000c0002e4        0x2 Application/Startup/startup_stm32l552zetxq.o
                0x000000000c0002e4                EXTI2_IRQHandler
                0x000000000c0002e4                TIM8_TRG_COM_IRQHandler
                0x000000000c0002e4                TIM8_CC_IRQHandler
                0x000000000c0002e4                EXTI5_IRQHandler
                0x000000000c0002e4                FLASH_S_IRQHandler
                0x000000000c0002e4                EXTI13_IRQHandler
                0x000000000c0002e4                TIM1_CC_IRQHandler
                0x000000000c0002e4                TSC_IRQHandler
                0x000000000c0002e4                TAMP_IRQHandler
                0x000000000c0002e4                TIM6_IRQHandler
                0x000000000c0002e4                EXTI12_IRQHandler
                0x000000000c0002e4                DMA2_Channel8_IRQHandler
                0x000000000c0002e4                EXTI3_IRQHandler
                0x000000000c0002e4                EXTI8_IRQHandler
                0x000000000c0002e4                LPTIM2_IRQHandler
                0x000000000c0002e4                DFSDM1_FLT1_IRQHandler
                0x000000000c0002e4                USB_FS_IRQHandler
                0x000000000c0002e4                I2C3_ER_IRQHandler
                0x000000000c0002e4                DFSDM1_FLT2_IRQHandler
                0x000000000c0002e4                DMAMUX1_IRQHandler
                0x000000000c0002e4                LPTIM3_IRQHandler
                0x000000000c0002e4                EXTI0_IRQHandler
                0x000000000c0002e4                I2C2_EV_IRQHandler
                0x000000000c0002e4                FPU_IRQHandler
                0x000000000c0002e4                FDCAN1_IT1_IRQHandler
                0x000000000c0002e4                ADC1_2_IRQHandler
                0x000000000c0002e4                SPI1_IRQHandler
                0x000000000c0002e4                OCTOSPI1_IRQHandler
                0x000000000c0002e4                TIM8_UP_IRQHandler
                0x000000000c0002e4                RCC_S_IRQHandler
                0x000000000c0002e4                DMA2_Channel2_IRQHandler
                0x000000000c0002e4                DMA1_Channel4_IRQHandler
                0x000000000c0002e4                SAI2_IRQHandler
                0x000000000c0002e4                DFSDM1_FLT3_IRQHandler
                0x000000000c0002e4                EXTI15_IRQHandler
                0x000000000c0002e4                TIM17_IRQHandler
                0x000000000c0002e4                USART3_IRQHandler
                0x000000000c0002e4                RTC_IRQHandler
                0x000000000c0002e4                EXTI9_IRQHandler
                0x000000000c0002e4                DMA1_Channel7_IRQHandler
                0x000000000c0002e4                UART5_IRQHandler
                0x000000000c0002e4                TIM4_IRQHandler
                0x000000000c0002e4                DMA2_Channel1_IRQHandler
                0x000000000c0002e4                I2C1_EV_IRQHandler
                0x000000000c0002e4                DMA1_Channel6_IRQHandler
                0x000000000c0002e4                TIM16_IRQHandler
                0x000000000c0002e4                UART4_IRQHandler
                0x000000000c0002e4                DMA2_Channel4_IRQHandler
                0x000000000c0002e4                TIM3_IRQHandler
                0x000000000c0002e4                RCC_IRQHandler
                0x000000000c0002e4                TIM1_TRG_COM_IRQHandler
                0x000000000c0002e4                DMA1_Channel1_IRQHandler
                0x000000000c0002e4                Default_Handler
                0x000000000c0002e4                DMA2_Channel7_IRQHandler
                0x000000000c0002e4                DMA1_Channel8_IRQHandler
                0x000000000c0002e4                TIM7_IRQHandler
                0x000000000c0002e4                SDMMC1_IRQHandler
                0x000000000c0002e4                TIM5_IRQHandler
                0x000000000c0002e4                UCPD1_IRQHandler
                0x000000000c0002e4                TIM15_IRQHandler
                0x000000000c0002e4                I2C3_EV_IRQHandler
                0x000000000c0002e4                PVD_PVM_IRQHandler
                0x000000000c0002e4                SPI2_IRQHandler
                0x000000000c0002e4                EXTI14_IRQHandler
                0x000000000c0002e4                EXTI11_IRQHandler
                0x000000000c0002e4                DMA2_Channel5_IRQHandler
                0x000000000c0002e4                CRS_IRQHandler
                0x000000000c0002e4                DMA1_Channel5_IRQHandler
                0x000000000c0002e4                EXTI4_IRQHandler
                0x000000000c0002e4                RTC_S_IRQHandler
                0x000000000c0002e4                RNG_IRQHandler
                0x000000000c0002e4                DMAMUX1_S_IRQHandler
                0x000000000c0002e4                DMA1_Channel3_IRQHandler
                0x000000000c0002e4                COMP_IRQHandler
                0x000000000c0002e4                TIM1_UP_IRQHandler
                0x000000000c0002e4                WWDG_IRQHandler
                0x000000000c0002e4                I2C4_EV_IRQHandler
                0x000000000c0002e4                LPUART1_IRQHandler
                0x000000000c0002e4                DMA2_Channel6_IRQHandler
                0x000000000c0002e4                FDCAN1_IT0_IRQHandler
                0x000000000c0002e4                TIM2_IRQHandler
                0x000000000c0002e4                TAMP_S_IRQHandler
                0x000000000c0002e4                EXTI7_IRQHandler
                0x000000000c0002e4                TIM1_BRK_IRQHandler
                0x000000000c0002e4                DAC_IRQHandler
                0x000000000c0002e4                EXTI1_IRQHandler
                0x000000000c0002e4                USART2_IRQHandler
                0x000000000c0002e4                DFSDM1_FLT0_IRQHandler
                0x000000000c0002e4                I2C2_ER_IRQHandler
                0x000000000c0002e4                DMA1_Channel2_IRQHandler
                0x000000000c0002e4                TIM8_BRK_IRQHandler
                0x000000000c0002e4                FLASH_IRQHandler
                0x000000000c0002e4                USART1_IRQHandler
                0x000000000c0002e4                EXTI10_IRQHandler
                0x000000000c0002e4                SPI3_IRQHandler
                0x000000000c0002e4                I2C1_ER_IRQHandler
                0x000000000c0002e4                FMC_IRQHandler
                0x000000000c0002e4                EXTI6_IRQHandler
                0x000000000c0002e4                LPTIM1_IRQHandler
                0x000000000c0002e4                I2C4_ER_IRQHandler
                0x000000000c0002e4                ICACHE_IRQHandler
                0x000000000c0002e4                SAI1_IRQHandler
                0x000000000c0002e4                HASH_IRQHandler
                0x000000000c0002e4                DMA2_Channel3_IRQHandler
 *fill*         0x000000000c0002e6        0x2 
 .text.main     0x000000000c0002e8      0x178 Application/User/main.o
                0x000000000c0002e8                main
 .text.NonSecure_Init
                0x000000000c000460       0x8c Application/User/main.o
 .text.MX_GTZC_Init
                0x000000000c0004ec      0x134 Application/User/main.o
 .text.MX_ICACHE_Init
                0x000000000c000620       0x16 Application/User/main.o
 .text.Error_Handler
                0x000000000c000636        0x6 Application/User/main.o
                0x000000000c000636                Error_Handler
 .text.SECURE_RegisterCallback
                0x000000000c00063c       0xac Application/User/secure_nsc.o
                0x000000000c00063c                __acle_se_SECURE_RegisterCallback
 .text.SECURE_LEDToggle
                0x000000000c0006e8       0x7a Application/User/secure_nsc.o
                0x000000000c0006e8                __acle_se_SECURE_LEDToggle
 .text.SECURE_RGB_SETPins
                0x000000000c000762       0x8e Application/User/secure_nsc.o
                0x000000000c000762                __acle_se_SECURE_RGB_SETPins
 .text.SECURE_RGB_SETColor
                0x000000000c0007f0       0xb2 Application/User/secure_nsc.o
                0x000000000c0007f0                __acle_se_SECURE_RGB_SETColor
 .text.NMI_Handler
                0x000000000c0008a2        0xe Application/User/stm32l5xx_it.o
                0x000000000c0008a2                NMI_Handler
 .text.HardFault_Handler
                0x000000000c0008b0        0x6 Application/User/stm32l5xx_it.o
                0x000000000c0008b0                HardFault_Handler
 .text.MemManage_Handler
                0x000000000c0008b6        0x6 Application/User/stm32l5xx_it.o
                0x000000000c0008b6                MemManage_Handler
 .text.BusFault_Handler
                0x000000000c0008bc        0x6 Application/User/stm32l5xx_it.o
                0x000000000c0008bc                BusFault_Handler
 .text.UsageFault_Handler
                0x000000000c0008c2        0x6 Application/User/stm32l5xx_it.o
                0x000000000c0008c2                UsageFault_Handler
 .text.SecureFault_Handler
                0x000000000c0008c8       0x80 Application/User/stm32l5xx_it.o
                0x000000000c0008c8                SecureFault_Handler
 .text.SVC_Handler
                0x000000000c000948        0xe Application/User/stm32l5xx_it.o
                0x000000000c000948                SVC_Handler
 .text.DebugMon_Handler
                0x000000000c000956        0xe Application/User/stm32l5xx_it.o
                0x000000000c000956                DebugMon_Handler
 .text.PendSV_Handler
                0x000000000c000964        0xe Application/User/stm32l5xx_it.o
                0x000000000c000964                PendSV_Handler
 .text.SysTick_Handler
                0x000000000c000972        0xc Application/User/stm32l5xx_it.o
                0x000000000c000972                SysTick_Handler
 *fill*         0x000000000c00097e        0x2 
 .text.GTZC_IRQHandler
                0x000000000c000980       0x84 Application/User/stm32l5xx_it.o
                0x000000000c000980                GTZC_IRQHandler
 .text.__libc_init_array
                0x000000000c000a04       0x48 c:/st/stm32cubeide_1.5.0/stm32cubeide/plugins/com.st.stm32cube.ide.mcu.externaltools.gnu-tools-for-stm32.7-2018-q2-update.win32_1.5.0.202011040924/tools/bin/../lib/gcc/arm-none-eabi/7.3.1/../../../../arm-none-eabi/lib/thumb/v8-m.main/fpv5-sp/hard\libc_nano.a(lib_a-init.o)
                0x000000000c000a04                __libc_init_array
 .text.memset   0x000000000c000a4c       0x10 c:/st/stm32cubeide_1.5.0/stm32cubeide/plugins/com.st.stm32cube.ide.mcu.externaltools.gnu-tools-for-stm32.7-2018-q2-update.win32_1.5.0.202011040924/tools/bin/../lib/gcc/arm-none-eabi/7.3.1/../../../../arm-none-eabi/lib/thumb/v8-m.main/fpv5-sp/hard\libc_nano.a(lib_a-memset.o)
                0x000000000c000a4c                memset
 *(.glue_7)
 .glue_7        0x000000000c000a5c        0x0 linker stubs
 *(.glue_7t)
 .glue_7t       0x000000000c000a5c        0x0 linker stubs
 *(.eh_frame)
 .eh_frame      0x000000000c000a5c        0x0 c:/st/stm32cubeide_1.5.0/stm32cubeide/plugins/com.st.stm32cube.ide.mcu.externaltools.gnu-tools-for-stm32.7-2018-q2-update.win32_1.5.0.202011040924/tools/bin/../lib/gcc/arm-none-eabi/7.3.1/thumb/v8-m.main/fpv5-sp/hard/crtbegin.o
 *(.init)
 .init          0x000000000c000a5c        0x4 c:/st/stm32cubeide_1.5.0/stm32cubeide/plugins/com.st.stm32cube.ide.mcu.externaltools.gnu-tools-for-stm32.7-2018-q2-update.win32_1.5.0.202011040924/tools/bin/../lib/gcc/arm-none-eabi/7.3.1/thumb/v8-m.main/fpv5-sp/hard/crti.o
                0x000000000c000a5c                _init
 .init          0x000000000c000a60        0x8 c:/st/stm32cubeide_1.5.0/stm32cubeide/plugins/com.st.stm32cube.ide.mcu.externaltools.gnu-tools-for-stm32.7-2018-q2-update.win32_1.5.0.202011040924/tools/bin/../lib/gcc/arm-none-eabi/7.3.1/thumb/v8-m.main/fpv5-sp/hard/crtn.o
 *(.fini)
 .fini          0x000000000c000a68        0x4 c:/st/stm32cubeide_1.5.0/stm32cubeide/plugins/com.st.stm32cube.ide.mcu.externaltools.gnu-tools-for-stm32.7-2018-q2-update.win32_1.5.0.202011040924/tools/bin/../lib/gcc/arm-none-eabi/7.3.1/thumb/v8-m.main/fpv5-sp/hard/crti.o
                0x000000000c000a68                _fini
 .fini          0x000000000c000a6c        0x8 c:/st/stm32cubeide_1.5.0/stm32cubeide/plugins/com.st.stm32cube.ide.mcu.externaltools.gnu-tools-for-stm32.7-2018-q2-update.win32_1.5.0.202011040924/tools/bin/../lib/gcc/arm-none-eabi/7.3.1/thumb/v8-m.main/fpv5-sp/hard/crtn.o
                0x000000000c000a78                . = ALIGN (0x8)
 *fill*         0x000000000c000a74        0x4 
                0x000000000c000a78                _etext = .

.vfp11_veneer   0x000000000c000a78        0x0
 .vfp11_veneer  0x000000000c000a78        0x0 linker stubs

.v4_bx          0x000000000c000a78        0x0
 .v4_bx         0x000000000c000a78        0x0 linker stubs

.iplt           0x000000000c000a78        0x0
 .iplt          0x000000000c000a78        0x0 c:/st/stm32cubeide_1.5.0/stm32cubeide/plugins/com.st.stm32cube.ide.mcu.externaltools.gnu-tools-for-stm32.7-2018-q2-update.win32_1.5.0.202011040924/tools/bin/../lib/gcc/arm-none-eabi/7.3.1/thumb/v8-m.main/fpv5-sp/hard/crtbegin.o

.rel.dyn        0x000000000c000a78        0x0
 .rel.iplt      0x000000000c000a78        0x0 c:/st/stm32cubeide_1.5.0/stm32cubeide/plugins/com.st.stm32cube.ide.mcu.externaltools.gnu-tools-for-stm32.7-2018-q2-update.win32_1.5.0.202011040924/tools/bin/../lib/gcc/arm-none-eabi/7.3.1/thumb/v8-m.main/fpv5-sp/hard/crtbegin.o

.rodata         0x000000000c000a78        0x0
                0x000000000c000a78                . = ALIGN (0x8)
 *(.rodata)
 *(.rodata*)
                0x000000000c000a78                . = ALIGN (0x8)

.ARM.extab      0x000000000c000a78        0x0
                0x000000000c000a78                . = ALIGN (0x8)
 *(.ARM.extab* .gnu.linkonce.armextab.*)
                0x000000000c000a78                . = ALIGN (0x8)

.ARM            0x000000000c000a78        0x0
                0x000000000c000a78                . = ALIGN (0x8)
                0x000000000c000a78                __exidx_start = .
 *(.ARM.exidx*)
                0x000000000c000a78                __exidx_end = .
                0x000000000c000a78                . = ALIGN (0x8)

.preinit_array  0x000000000c000a78        0x0
                0x000000000c000a78                . = ALIGN (0x8)
                0x000000000c000a78                PROVIDE (__preinit_array_start = .)
 *(.preinit_array*)
                0x000000000c000a78                PROVIDE (__preinit_array_end = .)
                0x000000000c000a78                . = ALIGN (0x8)

.init_array     0x000000000c000a78        0x8
                0x000000000c000a78                . = ALIGN (0x8)
                0x000000000c000a78                PROVIDE (__init_array_start = .)
 *(SORT_BY_NAME(.init_array.*))
 *(.init_array*)
 .init_array    0x000000000c000a78        0x4 c:/st/stm32cubeide_1.5.0/stm32cubeide/plugins/com.st.stm32cube.ide.mcu.externaltools.gnu-tools-for-stm32.7-2018-q2-update.win32_1.5.0.202011040924/tools/bin/../lib/gcc/arm-none-eabi/7.3.1/thumb/v8-m.main/fpv5-sp/hard/crtbegin.o
                0x000000000c000a7c                PROVIDE (__init_array_end = .)
                0x000000000c000a80                . = ALIGN (0x8)
 *fill*         0x000000000c000a7c        0x4 

.fini_array     0x000000000c000a80        0x8
                0x000000000c000a80                . = ALIGN (0x8)
                [!provide]                        PROVIDE (__fini_array_start = .)
 *(SORT_BY_NAME(.fini_array.*))
 *(.fini_array*)
 .fini_array    0x000000000c000a80        0x4 c:/st/stm32cubeide_1.5.0/stm32cubeide/plugins/com.st.stm32cube.ide.mcu.externaltools.gnu-tools-for-stm32.7-2018-q2-update.win32_1.5.0.202011040924/tools/bin/../lib/gcc/arm-none-eabi/7.3.1/thumb/v8-m.main/fpv5-sp/hard/crtbegin.o
                [!provide]                        PROVIDE (__fini_array_end = .)
                0x000000000c000a88                . = ALIGN (0x8)
 *fill*         0x000000000c000a84        0x4 
                0x000000000c000a88                _sidata = LOADADDR (.data)

.data           0x0000000030000000        0x0 load address 0x000000000c000a88
                0x0000000030000000                . = ALIGN (0x8)
                0x0000000030000000                _sdata = .
 *(.data)
 *(.data*)
                0x0000000030000000                . = ALIGN (0x8)
                0x0000000030000000                _edata = .

.igot.plt       0x0000000030000000        0x0 load address 0x000000000c000a88
 .igot.plt      0x0000000030000000        0x0 c:/st/stm32cubeide_1.5.0/stm32cubeide/plugins/com.st.stm32cube.ide.mcu.externaltools.gnu-tools-for-stm32.7-2018-q2-update.win32_1.5.0.202011040924/tools/bin/../lib/gcc/arm-none-eabi/7.3.1/thumb/v8-m.main/fpv5-sp/hard/crtbegin.o

.gnu.sgstubs    0x000000000c03e000       0x20
                0x000000000c03e000                . = ALIGN (0x8)
 *(.gnu.sgstubs*)
                0x000000000c03e000                . = ALIGN (0x8)
 .gnu.sgstubs.__stub
                0x000000000c03e000       0x20 linker stubs
                0x000000000c03e000                SECURE_RGB_SETPins
                0x000000000c03e008                SECURE_LEDToggle
                0x000000000c03e010                SECURE_RGB_SETColor
                0x000000000c03e018                SECURE_RegisterCallback
                0x000000000c03e020                . = ALIGN (0x8)

.bss            0x0000000030000000       0x28
                0x0000000030000000                _sbss = .
                0x0000000030000000                __bss_start__ = _sbss
 *(.bss)
 .bss           0x0000000030000000       0x1c c:/st/stm32cubeide_1.5.0/stm32cubeide/plugins/com.st.stm32cube.ide.mcu.externaltools.gnu-tools-for-stm32.7-2018-q2-update.win32_1.5.0.202011040924/tools/bin/../lib/gcc/arm-none-eabi/7.3.1/thumb/v8-m.main/fpv5-sp/hard/crtbegin.o
 *(.bss*)
 .bss.pSecureFaultCallback
                0x000000003000001c        0x4 Application/User/secure_nsc.o
                0x000000003000001c                pSecureFaultCallback
 .bss.pSecureErrorCallback
                0x0000000030000020        0x4 Application/User/secure_nsc.o
                0x0000000030000020                pSecureErrorCallback
 *(COMMON)
                0x0000000030000028                . = ALIGN (0x8)
 *fill*         0x0000000030000024        0x4 
                0x0000000030000028                _ebss = .
                0x0000000030000028                __bss_end__ = _ebss

._user_heap_stack
                0x0000000030000028      0x600
                0x0000000030000028                . = ALIGN (0x8)
                0x0000000030000028                PROVIDE (end = .)
                [!provide]                        PROVIDE (_end = .)
                0x0000000030000228                . = (. + _Min_Heap_Size)
 *fill*         0x0000000030000028      0x200 
                0x0000000030000628                . = (. + _Min_Stack_Size)
 *fill*         0x0000000030000228      0x400 
                0x0000000030000628                . = ALIGN (0x8)

/DISCARD/
 libc.a(*)
 libm.a(*)
 libgcc.a(*)

.ARM.attributes
                0x0000000000000000       0x36
 *(.ARM.attributes)
 .ARM.attributes
                0x0000000000000000       0x26 c:/st/stm32cubeide_1.5.0/stm32cubeide/plugins/com.st.stm32cube.ide.mcu.externaltools.gnu-tools-for-stm32.7-2018-q2-update.win32_1.5.0.202011040924/tools/bin/../lib/gcc/arm-none-eabi/7.3.1/thumb/v8-m.main/fpv5-sp/hard/crti.o
 .ARM.attributes
                0x0000000000000026       0x38 c:/st/stm32cubeide_1.5.0/stm32cubeide/plugins/com.st.stm32cube.ide.mcu.externaltools.gnu-tools-for-stm32.7-2018-q2-update.win32_1.5.0.202011040924/tools/bin/../lib/gcc/arm-none-eabi/7.3.1/thumb/v8-m.main/fpv5-sp/hard/crtbegin.o
 .ARM.attributes
                0x000000000000005e       0x24 Application/Startup/startup_stm32l552zetxq.o
 .ARM.attributes
                0x0000000000000082       0x3c Application/User/main.o
 .ARM.attributes
                0x00000000000000be       0x3c Application/User/secure_nsc.o
 .ARM.attributes
                0x00000000000000fa       0x3c Application/User/stm32l5xx_it.o
 .ARM.attributes
                0x0000000000000136       0x38 c:/st/stm32cubeide_1.5.0/stm32cubeide/plugins/com.st.stm32cube.ide.mcu.externaltools.gnu-tools-for-stm32.7-2018-q2-update.win32_1.5.0.202011040924/tools/bin/../lib/gcc/arm-none-eabi/7.3.1/../../../../arm-none-eabi/lib/thumb/v8-m.main/fpv5-sp/hard\libc_nano.a(lib_a-init.o)
 .ARM.attributes
                0x000000000000016e       0x38 c:/st/stm32cubeide_1.5.0/stm32cubeide/plugins/com.st.stm32cube.ide.mcu.externaltools.gnu-tools-for-stm32.7-2018-q2-update.win32_1.5.0.202011040924/tools/bin/../lib/gcc/arm-none-eabi/7.3.1/../../../../arm-none-eabi/lib/thumb/v8-m.main/fpv5-sp/hard\libc_nano.a(lib_a-memset.o)
 .ARM.attributes
                0x00000000000001a6       0x24 c:/st/stm32cubeide_1.5.0/stm32cubeide/plugins/com.st.stm32cube.ide.mcu.externaltools.gnu-tools-for-stm32.7-2018-q2-update.win32_1.5.0.202011040924/tools/bin/../lib/gcc/arm-none-eabi/7.3.1/thumb/v8-m.main/fpv5-sp/hard\libgcc.a(cmse_nonsecure_call.o)
 .ARM.attributes
                0x00000000000001ca       0x26 c:/st/stm32cubeide_1.5.0/stm32cubeide/plugins/com.st.stm32cube.ide.mcu.externaltools.gnu-tools-for-stm32.7-2018-q2-update.win32_1.5.0.202011040924/tools/bin/../lib/gcc/arm-none-eabi/7.3.1/thumb/v8-m.main/fpv5-sp/hard/crtn.o
OUTPUT(Demonstrator_Secure.elf elf32-littlearm)

.debug_line     0x0000000000000000     0x1f4c
 .debug_line    0x0000000000000000       0x8d Application/Startup/startup_stm32l552zetxq.o
 .debug_line    0x000000000000008d      0xaac Application/User/main.o
 .debug_line    0x0000000000000b39      0xaf4 Application/User/secure_nsc.o
 .debug_line    0x000000000000162d      0x91f Application/User/stm32l5xx_it.o

.debug_info     0x0000000000000000     0x3735
 .debug_info    0x0000000000000000       0x22 Application/Startup/startup_stm32l552zetxq.o
 .debug_info    0x0000000000000022     0x19e5 Application/User/main.o
 .debug_info    0x0000000000001a07     0x1348 Application/User/secure_nsc.o
 .debug_info    0x0000000000002d4f      0x9e6 Application/User/stm32l5xx_it.o

.debug_abbrev   0x0000000000000000      0x605
 .debug_abbrev  0x0000000000000000       0x12 Application/Startup/startup_stm32l552zetxq.o
 .debug_abbrev  0x0000000000000012      0x25f Application/User/main.o
 .debug_abbrev  0x0000000000000271      0x21b Application/User/secure_nsc.o
 .debug_abbrev  0x000000000000048c      0x179 Application/User/stm32l5xx_it.o

.debug_aranges  0x0000000000000000      0x110
 .debug_aranges
                0x0000000000000000       0x28 Application/Startup/startup_stm32l552zetxq.o
 .debug_aranges
                0x0000000000000028       0x40 Application/User/main.o
 .debug_aranges
                0x0000000000000068       0x38 Application/User/secure_nsc.o
 .debug_aranges
                0x00000000000000a0       0x70 Application/User/stm32l5xx_it.o

.debug_str      0x0000000000000000   0x1073ed
 .debug_str     0x0000000000000000       0x9d Application/Startup/startup_stm32l552zetxq.o
 .debug_str     0x000000000000009d   0x106a52 Application/User/main.o
                                     0x106e4a (size before relaxing)
 .debug_str     0x0000000000106aef      0x7cd Application/User/secure_nsc.o
                                     0x10718a (size before relaxing)
 .debug_str     0x00000000001072bc      0x131 Application/User/stm32l5xx_it.o
                                     0x1029e4 (size before relaxing)

.debug_ranges   0x0000000000000000       0xd8
 .debug_ranges  0x0000000000000000       0x20 Application/Startup/startup_stm32l552zetxq.o
 .debug_ranges  0x0000000000000020       0x30 Application/User/main.o
 .debug_ranges  0x0000000000000050       0x28 Application/User/secure_nsc.o
 .debug_ranges  0x0000000000000078       0x60 Application/User/stm32l5xx_it.o

.debug_macro    0x0000000000000000    0x27ba4
 .debug_macro   0x0000000000000000      0x393 Application/User/main.o
 .debug_macro   0x0000000000000393      0xa60 Application/User/main.o
 .debug_macro   0x0000000000000df3       0x16 Application/User/main.o
 .debug_macro   0x0000000000000e09      0x19c Application/User/main.o
 .debug_macro   0x0000000000000fa5      0x174 Application/User/main.o
 .debug_macro   0x0000000000001119       0x63 Application/User/main.o
 .debug_macro   0x000000000000117c       0x2e Application/User/main.o
 .debug_macro   0x00000000000011aa       0x42 Application/User/main.o
 .debug_macro   0x00000000000011ec       0x22 Application/User/main.o
 .debug_macro   0x000000000000120e       0x8e Application/User/main.o
 .debug_macro   0x000000000000129c       0x51 Application/User/main.o
 .debug_macro   0x00000000000012ed       0xef Application/User/main.o
 .debug_macro   0x00000000000013dc       0x6a Application/User/main.o
 .debug_macro   0x0000000000001446      0x1df Application/User/main.o
 .debug_macro   0x0000000000001625       0x1c Application/User/main.o
 .debug_macro   0x0000000000001641       0x29 Application/User/main.o
 .debug_macro   0x000000000000166a      0x101 Application/User/main.o
 .debug_macro   0x000000000000176b     0x1486 Application/User/main.o
 .debug_macro   0x0000000000002bf1       0x5e Application/User/main.o
 .debug_macro   0x0000000000002c4f    0x1ac43 Application/User/main.o
 .debug_macro   0x000000000001d892       0x42 Application/User/main.o
 .debug_macro   0x000000000001d8d4     0x34d8 Application/User/main.o
 .debug_macro   0x0000000000020dac       0x5c Application/User/main.o
 .debug_macro   0x0000000000020e08     0x1956 Application/User/main.o
 .debug_macro   0x000000000002275e      0xa4b Application/User/main.o
 .debug_macro   0x00000000000231a9      0x168 Application/User/main.o
 .debug_macro   0x0000000000023311      0x1d9 Application/User/main.o
 .debug_macro   0x00000000000234ea      0x50b Application/User/main.o
 .debug_macro   0x00000000000239f5      0x1ac Application/User/main.o
 .debug_macro   0x0000000000023ba1       0x4a Application/User/main.o
 .debug_macro   0x0000000000023beb       0x51 Application/User/main.o
 .debug_macro   0x0000000000023c3c      0x23f Application/User/main.o
 .debug_macro   0x0000000000023e7b      0x432 Application/User/main.o
 .debug_macro   0x00000000000242ad       0x4f Application/User/main.o
 .debug_macro   0x00000000000242fc      0x131 Application/User/main.o
 .debug_macro   0x000000000002442d      0x325 Application/User/main.o
 .debug_macro   0x0000000000024752      0x22c Application/User/main.o
 .debug_macro   0x000000000002497e       0x5b Application/User/main.o
 .debug_macro   0x00000000000249d9       0xa5 Application/User/main.o
 .debug_macro   0x0000000000024a7e       0xf3 Application/User/main.o
 .debug_macro   0x0000000000024b71      0x1a7 Application/User/main.o
 .debug_macro   0x0000000000024d18      0x487 Application/User/main.o
 .debug_macro   0x000000000002519f      0xa98 Application/User/main.o
 .debug_macro   0x0000000000025c37      0x186 Application/User/main.o
 .debug_macro   0x0000000000025dbd      0x67e Application/User/main.o
 .debug_macro   0x000000000002643b       0xa6 Application/User/main.o
 .debug_macro   0x00000000000264e1      0x445 Application/User/main.o
 .debug_macro   0x0000000000026926       0x22 Application/User/main.o
 .debug_macro   0x0000000000026948       0x52 Application/User/main.o
 .debug_macro   0x000000000002699a      0x14c Application/User/main.o
 .debug_macro   0x0000000000026ae6       0x46 Application/User/main.o
 .debug_macro   0x0000000000026b2c       0x18 Application/User/main.o
 .debug_macro   0x0000000000026b44       0x3c Application/User/main.o
 .debug_macro   0x0000000000026b80       0x34 Application/User/main.o
 .debug_macro   0x0000000000026bb4       0x16 Application/User/main.o
 .debug_macro   0x0000000000026bca       0x35 Application/User/main.o
 .debug_macro   0x0000000000026bff      0x32a Application/User/main.o
 .debug_macro   0x0000000000026f29       0x10 Application/User/main.o
 .debug_macro   0x0000000000026f39       0x52 Application/User/main.o
 .debug_macro   0x0000000000026f8b       0x1f Application/User/main.o
 .debug_macro   0x0000000000026faa       0x43 Application/User/main.o
 .debug_macro   0x0000000000026fed       0x20 Application/User/main.o
 .debug_macro   0x000000000002700d      0x1a3 Application/User/main.o
 .debug_macro   0x00000000000271b0       0x10 Application/User/main.o
 .debug_macro   0x00000000000271c0       0x1c Application/User/main.o
 .debug_macro   0x00000000000271dc       0x52 Application/User/main.o
 .debug_macro   0x000000000002722e       0x40 Application/User/main.o
 .debug_macro   0x000000000002726e       0x10 Application/User/main.o
 .debug_macro   0x000000000002727e       0x40 Application/User/main.o
 .debug_macro   0x00000000000272be       0xd7 Application/User/main.o
 .debug_macro   0x0000000000027395       0x1c Application/User/main.o
 .debug_macro   0x00000000000273b1       0x3d Application/User/main.o
 .debug_macro   0x00000000000273ee       0x16 Application/User/main.o
 .debug_macro   0x0000000000027404      0x145 Application/User/main.o
 .debug_macro   0x0000000000027549      0x3aa Application/User/secure_nsc.o
 .debug_macro   0x00000000000278f3       0x70 Application/User/secure_nsc.o
 .debug_macro   0x0000000000027963      0x241 Application/User/stm32l5xx_it.o

.comment        0x0000000000000000       0x7b
 .comment       0x0000000000000000       0x7b Application/User/main.o
                                         0x7c (size before relaxing)
 .comment       0x000000000000007b       0x7c Application/User/secure_nsc.o
 .comment       0x000000000000007b       0x7c Application/User/stm32l5xx_it.o

.debug_frame    0x0000000000000000      0x308
 .debug_frame   0x0000000000000000       0xb4 Application/User/main.o
 .debug_frame   0x00000000000000b4       0xac Application/User/secure_nsc.o
 .debug_frame   0x0000000000000160      0x15c Application/User/stm32l5xx_it.o
 .debug_frame   0x00000000000002bc       0x2c c:/st/stm32cubeide_1.5.0/stm32cubeide/plugins/com.st.stm32cube.ide.mcu.externaltools.gnu-tools-for-stm32.7-2018-q2-update.win32_1.5.0.202011040924/tools/bin/../lib/gcc/arm-none-eabi/7.3.1/../../../../arm-none-eabi/lib/thumb/v8-m.main/fpv5-sp/hard\libc_nano.a(lib_a-init.o)
 .debug_frame   0x00000000000002e8       0x20 c:/st/stm32cubeide_1.5.0/stm32cubeide/plugins/com.st.stm32cube.ide.mcu.externaltools.gnu-tools-for-stm32.7-2018-q2-update.win32_1.5.0.202011040924/tools/bin/../lib/gcc/arm-none-eabi/7.3.1/../../../../arm-none-eabi/lib/thumb/v8-m.main/fpv5-sp/hard\libc_nano.a(lib_a-memset.o)
