Archive member included to satisfy reference by file (symbol)

c:/st/stm32cubeide_1.5.0/stm32cubeide/plugins/com.st.stm32cube.ide.mcu.externaltools.gnu-tools-for-stm32.7-2018-q2-update.win32_1.5.0.202011040924/tools/bin/../lib/gcc/arm-none-eabi/7.3.1/../../../../arm-none-eabi/lib/thumb/v8-m.main/fpv5-sp/hard\libc_nano.a(lib_a-errno.o)
                              Application/User/syscalls.o (__errno)
c:/st/stm32cubeide_1.5.0/stm32cubeide/plugins/com.st.stm32cube.ide.mcu.externaltools.gnu-tools-for-stm32.7-2018-q2-update.win32_1.5.0.202011040924/tools/bin/../lib/gcc/arm-none-eabi/7.3.1/../../../../arm-none-eabi/lib/thumb/v8-m.main/fpv5-sp/hard\libc_nano.a(lib_a-exit.o)
                              c:/st/stm32cubeide_1.5.0/stm32cubeide/plugins/com.st.stm32cube.ide.mcu.externaltools.gnu-tools-for-stm32.7-2018-q2-update.win32_1.5.0.202011040924/tools/bin/../lib/gcc/arm-none-eabi/7.3.1/../../../../arm-none-eabi/lib/thumb/v8-m.main/fpv5-sp/hard/crt0.o (exit)
c:/st/stm32cubeide_1.5.0/stm32cubeide/plugins/com.st.stm32cube.ide.mcu.externaltools.gnu-tools-for-stm32.7-2018-q2-update.win32_1.5.0.202011040924/tools/bin/../lib/gcc/arm-none-eabi/7.3.1/../../../../arm-none-eabi/lib/thumb/v8-m.main/fpv5-sp/hard\libc_nano.a(lib_a-impure.o)
                              c:/st/stm32cubeide_1.5.0/stm32cubeide/plugins/com.st.stm32cube.ide.mcu.externaltools.gnu-tools-for-stm32.7-2018-q2-update.win32_1.5.0.202011040924/tools/bin/../lib/gcc/arm-none-eabi/7.3.1/../../../../arm-none-eabi/lib/thumb/v8-m.main/fpv5-sp/hard\libc_nano.a(lib_a-exit.o) (_global_impure_ptr)
c:/st/stm32cubeide_1.5.0/stm32cubeide/plugins/com.st.stm32cube.ide.mcu.externaltools.gnu-tools-for-stm32.7-2018-q2-update.win32_1.5.0.202011040924/tools/bin/../lib/gcc/arm-none-eabi/7.3.1/../../../../arm-none-eabi/lib/thumb/v8-m.main/fpv5-sp/hard\libc_nano.a(lib_a-init.o)
                              c:/st/stm32cubeide_1.5.0/stm32cubeide/plugins/com.st.stm32cube.ide.mcu.externaltools.gnu-tools-for-stm32.7-2018-q2-update.win32_1.5.0.202011040924/tools/bin/../lib/gcc/arm-none-eabi/7.3.1/../../../../arm-none-eabi/lib/thumb/v8-m.main/fpv5-sp/hard/crt0.o (__libc_init_array)
c:/st/stm32cubeide_1.5.0/stm32cubeide/plugins/com.st.stm32cube.ide.mcu.externaltools.gnu-tools-for-stm32.7-2018-q2-update.win32_1.5.0.202011040924/tools/bin/../lib/gcc/arm-none-eabi/7.3.1/../../../../arm-none-eabi/lib/thumb/v8-m.main/fpv5-sp/hard\libc_nano.a(lib_a-memset.o)
                              c:/st/stm32cubeide_1.5.0/stm32cubeide/plugins/com.st.stm32cube.ide.mcu.externaltools.gnu-tools-for-stm32.7-2018-q2-update.win32_1.5.0.202011040924/tools/bin/../lib/gcc/arm-none-eabi/7.3.1/../../../../arm-none-eabi/lib/thumb/v8-m.main/fpv5-sp/hard/crt0.o (memset)
c:/st/stm32cubeide_1.5.0/stm32cubeide/plugins/com.st.stm32cube.ide.mcu.externaltools.gnu-tools-for-stm32.7-2018-q2-update.win32_1.5.0.202011040924/tools/bin/../lib/gcc/arm-none-eabi/7.3.1/thumb/v8-m.main/fpv5-sp/hard\libgcc.a(cmse_nonsecure_call.o)
                              Application/User/main.o (__gnu_cmse_nonsecure_call)
c:/st/stm32cubeide_1.5.0/stm32cubeide/plugins/com.st.stm32cube.ide.mcu.externaltools.gnu-tools-for-stm32.7-2018-q2-update.win32_1.5.0.202011040924/tools/bin/../lib/gcc/arm-none-eabi/7.3.1/thumb/v8-m.main/fpv5-sp/hard\libgcc.a(_aeabi_uldivmod.o)
                              Drivers/HAL/stm32l5xx_hal_uart.o (__aeabi_uldivmod)
c:/st/stm32cubeide_1.5.0/stm32cubeide/plugins/com.st.stm32cube.ide.mcu.externaltools.gnu-tools-for-stm32.7-2018-q2-update.win32_1.5.0.202011040924/tools/bin/../lib/gcc/arm-none-eabi/7.3.1/thumb/v8-m.main/fpv5-sp/hard\libgcc.a(_udivmoddi4.o)
                              c:/st/stm32cubeide_1.5.0/stm32cubeide/plugins/com.st.stm32cube.ide.mcu.externaltools.gnu-tools-for-stm32.7-2018-q2-update.win32_1.5.0.202011040924/tools/bin/../lib/gcc/arm-none-eabi/7.3.1/thumb/v8-m.main/fpv5-sp/hard\libgcc.a(_aeabi_uldivmod.o) (__udivmoddi4)
c:/st/stm32cubeide_1.5.0/stm32cubeide/plugins/com.st.stm32cube.ide.mcu.externaltools.gnu-tools-for-stm32.7-2018-q2-update.win32_1.5.0.202011040924/tools/bin/../lib/gcc/arm-none-eabi/7.3.1/thumb/v8-m.main/fpv5-sp/hard\libgcc.a(_dvmd_tls.o)
                              c:/st/stm32cubeide_1.5.0/stm32cubeide/plugins/com.st.stm32cube.ide.mcu.externaltools.gnu-tools-for-stm32.7-2018-q2-update.win32_1.5.0.202011040924/tools/bin/../lib/gcc/arm-none-eabi/7.3.1/thumb/v8-m.main/fpv5-sp/hard\libgcc.a(_aeabi_uldivmod.o) (__aeabi_ldiv0)

Allocating common symbols
Common symbol       size              file

uwTick              0x4               Drivers/HAL/stm32l5xx_hal.o
hcom_uart           0x120             Drivers/BSP/stm32l5xx_nucleo.o

Discarded input sections

 .text          0x0000000000000000        0x0 c:/st/stm32cubeide_1.5.0/stm32cubeide/plugins/com.st.stm32cube.ide.mcu.externaltools.gnu-tools-for-stm32.7-2018-q2-update.win32_1.5.0.202011040924/tools/bin/../lib/gcc/arm-none-eabi/7.3.1/thumb/v8-m.main/fpv5-sp/hard/crti.o
[...]
Memory Configuration

Name             Origin             Length             Attributes
RAM              0x0000000030000000 0x0000000000018000 xrw
ROM              0x000000000c000000 0x000000000003e000 xr
ROM_NSC          0x000000000c03e000 0x0000000000002000 xr
*default*        0x0000000000000000 0xffffffffffffffff

Linker script and memory map

LOAD c:/st/stm32cubeide_1.5.0/stm32cubeide/plugins/com.st.stm32cube.ide.mcu.externaltools.gnu-tools-for-stm32.7-2018-q2-update.win32_1.5.0.202011040924/tools/bin/../lib/gcc/arm-none-eabi/7.3.1/thumb/v8-m.main/fpv5-sp/hard/crti.o
LOAD c:/st/stm32cubeide_1.5.0/stm32cubeide/plugins/com.st.stm32cube.ide.mcu.externaltools.gnu-tools-for-stm32.7-2018-q2-update.win32_1.5.0.202011040924/tools/bin/../lib/gcc/arm-none-eabi/7.3.1/thumb/v8-m.main/fpv5-sp/hard/crtbegin.o
LOAD c:/st/stm32cubeide_1.5.0/stm32cubeide/plugins/com.st.stm32cube.ide.mcu.externaltools.gnu-tools-for-stm32.7-2018-q2-update.win32_1.5.0.202011040924/tools/bin/../lib/gcc/arm-none-eabi/7.3.1/../../../../arm-none-eabi/lib/thumb/v8-m.main/fpv5-sp/hard/crt0.o
LOAD Application/Startup/startup_stm32l552zetxq.o
LOAD Application/User/LEDController.o
LOAD Application/User/main.o
LOAD Application/User/p9813controller.o
LOAD Application/User/secure_nsc.o
LOAD Application/User/stm32l5xx_hal_msp.o
LOAD Application/User/stm32l5xx_it.o
LOAD Application/User/syscalls.o
LOAD Application/User/sysmem.o
LOAD Drivers/BSP/stm32l5xx_nucleo.o
LOAD Drivers/CMSIS/system_stm32l5xx_s.o
LOAD Drivers/HAL/stm32l5xx_hal.o
LOAD Drivers/HAL/stm32l5xx_hal_cortex.o
LOAD Drivers/HAL/stm32l5xx_hal_dma.o
LOAD Drivers/HAL/stm32l5xx_hal_dma_ex.o
LOAD Drivers/HAL/stm32l5xx_hal_exti.o
LOAD Drivers/HAL/stm32l5xx_hal_flash.o
LOAD Drivers/HAL/stm32l5xx_hal_flash_ex.o
LOAD Drivers/HAL/stm32l5xx_hal_flash_ramfunc.o
LOAD Drivers/HAL/stm32l5xx_hal_gpio.o
LOAD Drivers/HAL/stm32l5xx_hal_gtzc.o
LOAD Drivers/HAL/stm32l5xx_hal_i2c.o
LOAD Drivers/HAL/stm32l5xx_hal_i2c_ex.o
LOAD Drivers/HAL/stm32l5xx_hal_icache.o
LOAD Drivers/HAL/stm32l5xx_hal_pwr.o
LOAD Drivers/HAL/stm32l5xx_hal_pwr_ex.o
LOAD Drivers/HAL/stm32l5xx_hal_rcc.o
LOAD Drivers/HAL/stm32l5xx_hal_rcc_ex.o
LOAD Drivers/HAL/stm32l5xx_hal_tim.o
LOAD Drivers/HAL/stm32l5xx_hal_tim_ex.o
LOAD Drivers/HAL/stm32l5xx_hal_uart.o
LOAD Drivers/HAL/stm32l5xx_hal_uart_ex.o
LOAD Middlewares/FreeRTOS/secure_context.o
LOAD Middlewares/FreeRTOS/secure_context_port.o
LOAD Middlewares/FreeRTOS/secure_heap.o
LOAD Middlewares/FreeRTOS/secure_init.o
START GROUP
LOAD c:/st/stm32cubeide_1.5.0/stm32cubeide/plugins/com.st.stm32cube.ide.mcu.externaltools.gnu-tools-for-stm32.7-2018-q2-update.win32_1.5.0.202011040924/tools/bin/../lib/gcc/arm-none-eabi/7.3.1/../../../../arm-none-eabi/lib/thumb/v8-m.main/fpv5-sp/hard\libstdc++_nano.a
LOAD c:/st/stm32cubeide_1.5.0/stm32cubeide/plugins/com.st.stm32cube.ide.mcu.externaltools.gnu-tools-for-stm32.7-2018-q2-update.win32_1.5.0.202011040924/tools/bin/../lib/gcc/arm-none-eabi/7.3.1/../../../../arm-none-eabi/lib/thumb/v8-m.main/fpv5-sp/hard\libsupc++_nano.a
END GROUP
LOAD c:/st/stm32cubeide_1.5.0/stm32cubeide/plugins/com.st.stm32cube.ide.mcu.externaltools.gnu-tools-for-stm32.7-2018-q2-update.win32_1.5.0.202011040924/tools/bin/../lib/gcc/arm-none-eabi/7.3.1/../../../../arm-none-eabi/lib/thumb/v8-m.main/fpv5-sp/hard\libstdc++_nano.a
LOAD c:/st/stm32cubeide_1.5.0/stm32cubeide/plugins/com.st.stm32cube.ide.mcu.externaltools.gnu-tools-for-stm32.7-2018-q2-update.win32_1.5.0.202011040924/tools/bin/../lib/gcc/arm-none-eabi/7.3.1/../../../../arm-none-eabi/lib/thumb/v8-m.main/fpv5-sp/hard\libm.a
LOAD c:/st/stm32cubeide_1.5.0/stm32cubeide/plugins/com.st.stm32cube.ide.mcu.externaltools.gnu-tools-for-stm32.7-2018-q2-update.win32_1.5.0.202011040924/tools/bin/../lib/gcc/arm-none-eabi/7.3.1/../../../../arm-none-eabi/lib/thumb/v8-m.main/fpv5-sp/hard\libc_nano.a
START GROUP
LOAD c:/st/stm32cubeide_1.5.0/stm32cubeide/plugins/com.st.stm32cube.ide.mcu.externaltools.gnu-tools-for-stm32.7-2018-q2-update.win32_1.5.0.202011040924/tools/bin/../lib/gcc/arm-none-eabi/7.3.1/thumb/v8-m.main/fpv5-sp/hard\libgcc.a
LOAD c:/st/stm32cubeide_1.5.0/stm32cubeide/plugins/com.st.stm32cube.ide.mcu.externaltools.gnu-tools-for-stm32.7-2018-q2-update.win32_1.5.0.202011040924/tools/bin/../lib/gcc/arm-none-eabi/7.3.1/../../../../arm-none-eabi/lib/thumb/v8-m.main/fpv5-sp/hard\libc_nano.a
END GROUP
START GROUP
LOAD c:/st/stm32cubeide_1.5.0/stm32cubeide/plugins/com.st.stm32cube.ide.mcu.externaltools.gnu-tools-for-stm32.7-2018-q2-update.win32_1.5.0.202011040924/tools/bin/../lib/gcc/arm-none-eabi/7.3.1/thumb/v8-m.main/fpv5-sp/hard\libgcc.a
LOAD c:/st/stm32cubeide_1.5.0/stm32cubeide/plugins/com.st.stm32cube.ide.mcu.externaltools.gnu-tools-for-stm32.7-2018-q2-update.win32_1.5.0.202011040924/tools/bin/../lib/gcc/arm-none-eabi/7.3.1/../../../../arm-none-eabi/lib/thumb/v8-m.main/fpv5-sp/hard\libc_nano.a
END GROUP
LOAD c:/st/stm32cubeide_1.5.0/stm32cubeide/plugins/com.st.stm32cube.ide.mcu.externaltools.gnu-tools-for-stm32.7-2018-q2-update.win32_1.5.0.202011040924/tools/bin/../lib/gcc/arm-none-eabi/7.3.1/thumb/v8-m.main/fpv5-sp/hard/crtend.o
LOAD c:/st/stm32cubeide_1.5.0/stm32cubeide/plugins/com.st.stm32cube.ide.mcu.externaltools.gnu-tools-for-stm32.7-2018-q2-update.win32_1.5.0.202011040924/tools/bin/../lib/gcc/arm-none-eabi/7.3.1/thumb/v8-m.main/fpv5-sp/hard/crtn.o
                0x0000000030018000                _estack = (ORIGIN (RAM) + LENGTH (RAM))
                0x0000000000000200                _Min_Heap_Size = 0x200
                0x0000000000000400                _Min_Stack_Size = 0x400

.isr_vector     0x000000000c000000      0x1f8
                0x000000000c000000                . = ALIGN (0x8)
 *(.isr_vector)
 .isr_vector    0x000000000c000000      0x1f4 Application/Startup/startup_stm32l552zetxq.o
                0x000000000c000000                g_pfnVectors
                0x000000000c0001f8                . = ALIGN (0x8)
 *fill*         0x000000000c0001f4        0x4 

.text           0x000000000c0001f8     0x1fb0
                0x000000000c0001f8                . = ALIGN (0x8)
 *(.text)
 .text          0x000000000c0001f8       0x40 c:/st/stm32cubeide_1.5.0/stm32cubeide/plugins/com.st.stm32cube.ide.mcu.externaltools.gnu-tools-for-stm32.7-2018-q2-update.win32_1.5.0.202011040924/tools/bin/../lib/gcc/arm-none-eabi/7.3.1/thumb/v8-m.main/fpv5-sp/hard/crtbegin.o
 .text          0x000000000c000238       0x5c c:/st/stm32cubeide_1.5.0/stm32cubeide/plugins/com.st.stm32cube.ide.mcu.externaltools.gnu-tools-for-stm32.7-2018-q2-update.win32_1.5.0.202011040924/tools/bin/../lib/gcc/arm-none-eabi/7.3.1/thumb/v8-m.main/fpv5-sp/hard\libgcc.a(cmse_nonsecure_call.o)
                0x000000000c000238                __gnu_cmse_nonsecure_call
 *(.text*)
 .text.Reset_Handler
                0x000000000c000294       0x50 Application/Startup/startup_stm32l552zetxq.o
                0x000000000c000294                Reset_Handler
 .text.Default_Handler
                0x000000000c0002e4        0x2 Application/Startup/startup_stm32l552zetxq.o
                0x000000000c0002e4                EXTI2_IRQHandler
                0x000000000c0002e4                TIM8_TRG_COM_IRQHandler
                0x000000000c0002e4                TIM8_CC_IRQHandler
                0x000000000c0002e4                EXTI5_IRQHandler
                0x000000000c0002e4                FLASH_S_IRQHandler
                0x000000000c0002e4                EXTI13_IRQHandler
                0x000000000c0002e4                TIM1_CC_IRQHandler
                0x000000000c0002e4                TSC_IRQHandler
                0x000000000c0002e4                TAMP_IRQHandler
                0x000000000c0002e4                TIM6_IRQHandler
                0x000000000c0002e4                EXTI12_IRQHandler
                0x000000000c0002e4                DMA2_Channel8_IRQHandler
                0x000000000c0002e4                EXTI3_IRQHandler
                0x000000000c0002e4                EXTI8_IRQHandler
                0x000000000c0002e4                LPTIM2_IRQHandler
                0x000000000c0002e4                DFSDM1_FLT1_IRQHandler
                0x000000000c0002e4                USB_FS_IRQHandler
                0x000000000c0002e4                I2C3_ER_IRQHandler
                0x000000000c0002e4                DFSDM1_FLT2_IRQHandler
                0x000000000c0002e4                DMAMUX1_IRQHandler
                0x000000000c0002e4                LPTIM3_IRQHandler
                0x000000000c0002e4                EXTI0_IRQHandler
                0x000000000c0002e4                I2C2_EV_IRQHandler
                0x000000000c0002e4                FPU_IRQHandler
                0x000000000c0002e4                FDCAN1_IT1_IRQHandler
                0x000000000c0002e4                ADC1_2_IRQHandler
                0x000000000c0002e4                SPI1_IRQHandler
                0x000000000c0002e4                OCTOSPI1_IRQHandler
                0x000000000c0002e4                TIM8_UP_IRQHandler
                0x000000000c0002e4                RCC_S_IRQHandler
                0x000000000c0002e4                DMA2_Channel2_IRQHandler
                0x000000000c0002e4                DMA1_Channel4_IRQHandler
                0x000000000c0002e4                SAI2_IRQHandler
                0x000000000c0002e4                DFSDM1_FLT3_IRQHandler
                0x000000000c0002e4                EXTI15_IRQHandler
                0x000000000c0002e4                TIM17_IRQHandler
                0x000000000c0002e4                USART3_IRQHandler
                0x000000000c0002e4                RTC_IRQHandler
                0x000000000c0002e4                EXTI9_IRQHandler
                0x000000000c0002e4                DMA1_Channel7_IRQHandler
                0x000000000c0002e4                UART5_IRQHandler
                0x000000000c0002e4                TIM4_IRQHandler
                0x000000000c0002e4                DMA2_Channel1_IRQHandler
                0x000000000c0002e4                I2C1_EV_IRQHandler
                0x000000000c0002e4                DMA1_Channel6_IRQHandler
                0x000000000c0002e4                TIM16_IRQHandler
                0x000000000c0002e4                UART4_IRQHandler
                0x000000000c0002e4                DMA2_Channel4_IRQHandler
                0x000000000c0002e4                TIM3_IRQHandler
                0x000000000c0002e4                RCC_IRQHandler
                0x000000000c0002e4                TIM1_TRG_COM_IRQHandler
                0x000000000c0002e4                DMA1_Channel1_IRQHandler
                0x000000000c0002e4                Default_Handler
                0x000000000c0002e4                DMA2_Channel7_IRQHandler
                0x000000000c0002e4                DMA1_Channel8_IRQHandler
                0x000000000c0002e4                TIM7_IRQHandler
                0x000000000c0002e4                SDMMC1_IRQHandler
                0x000000000c0002e4                TIM5_IRQHandler
                0x000000000c0002e4                UCPD1_IRQHandler
                0x000000000c0002e4                TIM15_IRQHandler
                0x000000000c0002e4                I2C3_EV_IRQHandler
                0x000000000c0002e4                PVD_PVM_IRQHandler
                0x000000000c0002e4                SPI2_IRQHandler
                0x000000000c0002e4                EXTI14_IRQHandler
                0x000000000c0002e4                EXTI11_IRQHandler
                0x000000000c0002e4                DMA2_Channel5_IRQHandler
                0x000000000c0002e4                CRS_IRQHandler
                0x000000000c0002e4                DMA1_Channel5_IRQHandler
                0x000000000c0002e4                EXTI4_IRQHandler
                0x000000000c0002e4                RTC_S_IRQHandler
                0x000000000c0002e4                RNG_IRQHandler
                0x000000000c0002e4                DMAMUX1_S_IRQHandler
                0x000000000c0002e4                DMA1_Channel3_IRQHandler
                0x000000000c0002e4                COMP_IRQHandler
                0x000000000c0002e4                TIM1_UP_IRQHandler
                0x000000000c0002e4                WWDG_IRQHandler
                0x000000000c0002e4                I2C4_EV_IRQHandler
                0x000000000c0002e4                LPUART1_IRQHandler
                0x000000000c0002e4                DMA2_Channel6_IRQHandler
                0x000000000c0002e4                FDCAN1_IT0_IRQHandler
                0x000000000c0002e4                TIM2_IRQHandler
                0x000000000c0002e4                TAMP_S_IRQHandler
                0x000000000c0002e4                EXTI7_IRQHandler
                0x000000000c0002e4                TIM1_BRK_IRQHandler
                0x000000000c0002e4                DAC_IRQHandler
                0x000000000c0002e4                EXTI1_IRQHandler
                0x000000000c0002e4                USART2_IRQHandler
                0x000000000c0002e4                DFSDM1_FLT0_IRQHandler
                0x000000000c0002e4                I2C2_ER_IRQHandler
                0x000000000c0002e4                DMA1_Channel2_IRQHandler
                0x000000000c0002e4                TIM8_BRK_IRQHandler
                0x000000000c0002e4                FLASH_IRQHandler
                0x000000000c0002e4                USART1_IRQHandler
                0x000000000c0002e4                EXTI10_IRQHandler
                0x000000000c0002e4                SPI3_IRQHandler
                0x000000000c0002e4                I2C1_ER_IRQHandler
                0x000000000c0002e4                FMC_IRQHandler
                0x000000000c0002e4                EXTI6_IRQHandler
                0x000000000c0002e4                LPTIM1_IRQHandler
                0x000000000c0002e4                I2C4_ER_IRQHandler
                0x000000000c0002e4                ICACHE_IRQHandler
                0x000000000c0002e4                SAI1_IRQHandler
                0x000000000c0002e4                HASH_IRQHandler
                0x000000000c0002e4                DMA2_Channel3_IRQHandler
 .text._ZN15P9813ControllerC2Ev
                0x000000000c0002e6       0x16 Application/User/LEDController.o
                0x000000000c0002e6                P9813Controller::P9813Controller()
                0x000000000c0002e6                P9813Controller::P9813Controller()
 .text._ZN15P9813ControllerD2Ev
                0x000000000c0002fc       0x16 Application/User/LEDController.o
                0x000000000c0002fc                P9813Controller::~P9813Controller()
                0x000000000c0002fc                P9813Controller::~P9813Controller()
 .text._ZN19SecureLEDControllerC2Ev
                0x000000000c000312       0x2e Application/User/LEDController.o
                0x000000000c000312                SecureLEDController::SecureLEDController()
                0x000000000c000312                SecureLEDController::SecureLEDController()
 .text._ZN19SecureLEDControllerD2Ev
                0x000000000c000340       0x1c Application/User/LEDController.o
                0x000000000c000340                SecureLEDController::~SecureLEDController()
                0x000000000c000340                SecureLEDController::~SecureLEDController()
 .text._ZN19SecureLEDControllerC2E9P9813DATA10LEDPINDATA
                0x000000000c00035c       0x82 Application/User/LEDController.o
                0x000000000c00035c                SecureLEDController::SecureLEDController(P9813DATA, LEDPINDATA)
                0x000000000c00035c                SecureLEDController::SecureLEDController(P9813DATA, LEDPINDATA)
 .text._ZN19SecureLEDController22configureP9813AsSecureE9P9813DATA
                0x000000000c0003de       0x32 Application/User/LEDController.o
                0x000000000c0003de                SecureLEDController::configureP9813AsSecure(P9813DATA)
 .text.initLEDController_default
                0x000000000c000410       0x50 Application/User/LEDController.o
                0x000000000c000410                initLEDController_default
 .text._Z41__static_initialization_and_destruction_0ii
                0x000000000c000460       0x44 Application/User/LEDController.o
 .text._GLOBAL__sub_I__ZN19SecureLEDController10writeColorEv
                0x000000000c0004a4       0x10 Application/User/LEDController.o
 .text._GLOBAL__sub_D__ZN19SecureLEDController10writeColorEv
                0x000000000c0004b4       0x10 Application/User/LEDController.o
 .text.main     0x000000000c0004c4      0x174 Application/User/main.o
                0x000000000c0004c4                main
 .text.NonSecure_Init
                0x000000000c000638       0x8c Application/User/main.o
 .text.MX_GTZC_Init
                0x000000000c0006c4      0x134 Application/User/main.o
 .text.MX_ICACHE_Init
                0x000000000c0007f8       0x16 Application/User/main.o
 .text.Error_Handler
                0x000000000c00080e        0x6 Application/User/main.o
                0x000000000c00080e                Error_Handler
 .text._ZN15P9813ControllerC2EP12GPIO_TypeDeftt
                0x000000000c000814       0x62 Application/User/p9813controller.o
                0x000000000c000814                P9813Controller::P9813Controller(GPIO_TypeDef*, unsigned short, unsigned short)
                0x000000000c000814                P9813Controller::P9813Controller(GPIO_TypeDef*, unsigned short, unsigned short)
 *fill*         0x000000000c000876        0x2 
 .text.SECURE_RegisterCallback
                0x000000000c000878       0xac Application/User/secure_nsc.o
                0x000000000c000878                __acle_se_SECURE_RegisterCallback
 .text.LEDS_setGreen
                0x000000000c000924       0x7c Application/User/secure_nsc.o
                0x000000000c000924                __acle_se_LEDS_setGreen
 .text.SECURE_LEDToggle
                0x000000000c0009a0       0x7a Application/User/secure_nsc.o
                0x000000000c0009a0                __acle_se_SECURE_LEDToggle
 *fill*         0x000000000c000a1a        0x2 
 .text.HAL_MspInit
                0x000000000c000a1c       0x70 Application/User/stm32l5xx_hal_msp.o
                0x000000000c000a1c                HAL_MspInit
 .text.NMI_Handler
                0x000000000c000a8c        0xe Application/User/stm32l5xx_it.o
                0x000000000c000a8c                NMI_Handler
 .text.HardFault_Handler
                0x000000000c000a9a        0x6 Application/User/stm32l5xx_it.o
                0x000000000c000a9a                HardFault_Handler
 .text.MemManage_Handler
                0x000000000c000aa0        0x6 Application/User/stm32l5xx_it.o
                0x000000000c000aa0                MemManage_Handler
 .text.BusFault_Handler
                0x000000000c000aa6        0x6 Application/User/stm32l5xx_it.o
                0x000000000c000aa6                BusFault_Handler
 .text.UsageFault_Handler
                0x000000000c000aac        0x6 Application/User/stm32l5xx_it.o
                0x000000000c000aac                UsageFault_Handler
 *fill*         0x000000000c000ab2        0x2 
 .text.SecureFault_Handler
                0x000000000c000ab4       0x80 Application/User/stm32l5xx_it.o
                0x000000000c000ab4                SecureFault_Handler
 .text.SVC_Handler
                0x000000000c000b34        0xe Application/User/stm32l5xx_it.o
                0x000000000c000b34                SVC_Handler
 .text.DebugMon_Handler
                0x000000000c000b42        0xe Application/User/stm32l5xx_it.o
                0x000000000c000b42                DebugMon_Handler
 .text.PendSV_Handler
                0x000000000c000b50        0xe Application/User/stm32l5xx_it.o
                0x000000000c000b50                PendSV_Handler
 .text.SysTick_Handler
                0x000000000c000b5e        0xc Application/User/stm32l5xx_it.o
                0x000000000c000b5e                SysTick_Handler
 *fill*         0x000000000c000b6a        0x2 
 .text.GTZC_IRQHandler
                0x000000000c000b6c       0x84 Application/User/stm32l5xx_it.o
                0x000000000c000b6c                GTZC_IRQHandler
 .text.BSP_LED_Init
                0x000000000c000bf0       0xbc Drivers/BSP/stm32l5xx_nucleo.o
                0x000000000c000bf0                BSP_LED_Init
 .text.BSP_LED_Toggle
                0x000000000c000cac       0x34 Drivers/BSP/stm32l5xx_nucleo.o
                0x000000000c000cac                BSP_LED_Toggle
 .text.TZ_SAU_Setup
                0x000000000c000ce0      0x100 Drivers/CMSIS/system_stm32l5xx_s.o
 .text.SystemInit
                0x000000000c000de0       0x34 Drivers/CMSIS/system_stm32l5xx_s.o
                0x000000000c000de0                SystemInit
 .text.SystemCoreClockUpdate
                0x000000000c000e14      0x158 Drivers/CMSIS/system_stm32l5xx_s.o
                0x000000000c000e14                SystemCoreClockUpdate
 .text.SECURE_SystemCoreClockUpdate
                0x000000000c000f6c       0x80 Drivers/CMSIS/system_stm32l5xx_s.o
                0x000000000c000f6c                __acle_se_SECURE_SystemCoreClockUpdate
 .text.HAL_Init
                0x000000000c000fec       0x34 Drivers/HAL/stm32l5xx_hal.o
                0x000000000c000fec                HAL_Init
 .text.HAL_InitTick
                0x000000000c001020       0x78 Drivers/HAL/stm32l5xx_hal.o
                0x000000000c001020                HAL_InitTick
 .text.HAL_IncTick
                0x000000000c001098       0x28 Drivers/HAL/stm32l5xx_hal.o
                0x000000000c001098                HAL_IncTick
 .text.HAL_SuspendTick
                0x000000000c0010c0       0x20 Drivers/HAL/stm32l5xx_hal.o
                0x000000000c0010c0                HAL_SuspendTick
 .text.__NVIC_SetPriorityGrouping
                0x000000000c0010e0       0x48 Drivers/HAL/stm32l5xx_hal_cortex.o
 .text.__NVIC_GetPriorityGrouping
                0x000000000c001128       0x1c Drivers/HAL/stm32l5xx_hal_cortex.o
 .text.__NVIC_EnableIRQ
                0x000000000c001144       0x3c Drivers/HAL/stm32l5xx_hal_cortex.o
 .text.__NVIC_SetPriority
                0x000000000c001180       0x54 Drivers/HAL/stm32l5xx_hal_cortex.o
 .text.NVIC_EncodePriority
                0x000000000c0011d4       0x66 Drivers/HAL/stm32l5xx_hal_cortex.o
 *fill*         0x000000000c00123a        0x2 
 .text.SysTick_Config
                0x000000000c00123c       0x44 Drivers/HAL/stm32l5xx_hal_cortex.o
 .text.HAL_NVIC_SetPriorityGrouping
                0x000000000c001280       0x16 Drivers/HAL/stm32l5xx_hal_cortex.o
                0x000000000c001280                HAL_NVIC_SetPriorityGrouping
 .text.HAL_NVIC_SetPriority
                0x000000000c001296       0x34 Drivers/HAL/stm32l5xx_hal_cortex.o
                0x000000000c001296                HAL_NVIC_SetPriority
 .text.HAL_NVIC_EnableIRQ
                0x000000000c0012ca       0x1c Drivers/HAL/stm32l5xx_hal_cortex.o
                0x000000000c0012ca                HAL_NVIC_EnableIRQ
 .text.HAL_SYSTICK_Config
                0x000000000c0012e6       0x18 Drivers/HAL/stm32l5xx_hal_cortex.o
                0x000000000c0012e6                HAL_SYSTICK_Config
 *fill*         0x000000000c0012fe        0x2 
 .text.HAL_GPIO_Init
                0x000000000c001300      0x300 Drivers/HAL/stm32l5xx_hal_gpio.o
                0x000000000c001300                HAL_GPIO_Init
 .text.HAL_GPIO_WritePin
                0x000000000c001600       0x30 Drivers/HAL/stm32l5xx_hal_gpio.o
                0x000000000c001600                HAL_GPIO_WritePin
 .text.HAL_GPIO_TogglePin
                0x000000000c001630       0x34 Drivers/HAL/stm32l5xx_hal_gpio.o
                0x000000000c001630                HAL_GPIO_TogglePin
 .text.HAL_GPIO_ConfigPinAttributes
                0x000000000c001664       0x70 Drivers/HAL/stm32l5xx_hal_gpio.o
                0x000000000c001664                HAL_GPIO_ConfigPinAttributes
 .text.HAL_GTZC_MPCBB_ConfigMem
                0x000000000c0016d4      0x108 Drivers/HAL/stm32l5xx_hal_gtzc.o
                0x000000000c0016d4                HAL_GTZC_MPCBB_ConfigMem
 .text.HAL_GTZC_IRQHandler
                0x000000000c0017dc      0x108 Drivers/HAL/stm32l5xx_hal_gtzc.o
                0x000000000c0017dc                HAL_GTZC_IRQHandler
 .text.HAL_GTZC_TZIC_Callback
                0x000000000c0018e4       0x14 Drivers/HAL/stm32l5xx_hal_gtzc.o
                0x000000000c0018e4                HAL_GTZC_TZIC_Callback
 .text.HAL_ICACHE_Enable
                0x000000000c0018f8       0x20 Drivers/HAL/stm32l5xx_hal_icache.o
                0x000000000c0018f8                HAL_ICACHE_Enable
 .text.HAL_PWREx_DisableUCPDDeadBattery
                0x000000000c001918       0x20 Drivers/HAL/stm32l5xx_hal_pwr_ex.o
                0x000000000c001918                HAL_PWREx_DisableUCPDDeadBattery
 .text.SecureContext_Init
                0x000000000c001938       0x96 Middlewares/FreeRTOS/secure_context.o
                0x000000000c001938                __acle_se_SecureContext_Init
 .text.SecureContext_AllocateContext
                0x000000000c0019ce       0xce Middlewares/FreeRTOS/secure_context.o
                0x000000000c0019ce                __acle_se_SecureContext_AllocateContext
 .text.SecureContext_FreeContext
                0x000000000c001a9c       0xaa Middlewares/FreeRTOS/secure_context.o
                0x000000000c001a9c                __acle_se_SecureContext_FreeContext
 .text.SecureContext_LoadContext
                0x000000000c001b46       0x8c Middlewares/FreeRTOS/secure_context_port.o
                0x000000000c001b46                __acle_se_SecureContext_LoadContext
 .text.SecureContext_SaveContext
                0x000000000c001bd2       0x92 Middlewares/FreeRTOS/secure_context_port.o
                0x000000000c001bd2                __acle_se_SecureContext_SaveContext
 .text.prvHeapInit
                0x000000000c001c64       0xc4 Middlewares/FreeRTOS/secure_heap.o
 .text.prvInsertBlockIntoFreeList
                0x000000000c001d28       0xb4 Middlewares/FreeRTOS/secure_heap.o
 .text.pvPortMalloc
                0x000000000c001ddc      0x168 Middlewares/FreeRTOS/secure_heap.o
                0x000000000c001ddc                pvPortMalloc
 .text.vPortFree
                0x000000000c001f44       0xa8 Middlewares/FreeRTOS/secure_heap.o
                0x000000000c001f44                vPortFree
 .text.SecureInit_DePrioritizeNSExceptions
                0x000000000c001fec       0x9c Middlewares/FreeRTOS/secure_init.o
                0x000000000c001fec                __acle_se_SecureInit_DePrioritizeNSExceptions
 .text.SecureInit_EnableNSFPUAccess
                0x000000000c002088       0xb0 Middlewares/FreeRTOS/secure_init.o
                0x000000000c002088                __acle_se_SecureInit_EnableNSFPUAccess
 .text.__libc_init_array
                0x000000000c002138       0x48 c:/st/stm32cubeide_1.5.0/stm32cubeide/plugins/com.st.stm32cube.ide.mcu.externaltools.gnu-tools-for-stm32.7-2018-q2-update.win32_1.5.0.202011040924/tools/bin/../lib/gcc/arm-none-eabi/7.3.1/../../../../arm-none-eabi/lib/thumb/v8-m.main/fpv5-sp/hard\libc_nano.a(lib_a-init.o)
                0x000000000c002138                __libc_init_array
 .text.memset   0x000000000c002180       0x10 c:/st/stm32cubeide_1.5.0/stm32cubeide/plugins/com.st.stm32cube.ide.mcu.externaltools.gnu-tools-for-stm32.7-2018-q2-update.win32_1.5.0.202011040924/tools/bin/../lib/gcc/arm-none-eabi/7.3.1/../../../../arm-none-eabi/lib/thumb/v8-m.main/fpv5-sp/hard\libc_nano.a(lib_a-memset.o)
                0x000000000c002180                memset
 *(.glue_7)
 .glue_7        0x000000000c002190        0x0 linker stubs
 *(.glue_7t)
 .glue_7t       0x000000000c002190        0x0 linker stubs
 *(.eh_frame)
 .eh_frame      0x000000000c002190        0x0 c:/st/stm32cubeide_1.5.0/stm32cubeide/plugins/com.st.stm32cube.ide.mcu.externaltools.gnu-tools-for-stm32.7-2018-q2-update.win32_1.5.0.202011040924/tools/bin/../lib/gcc/arm-none-eabi/7.3.1/thumb/v8-m.main/fpv5-sp/hard/crtbegin.o
 *(.init)
 .init          0x000000000c002190        0x4 c:/st/stm32cubeide_1.5.0/stm32cubeide/plugins/com.st.stm32cube.ide.mcu.externaltools.gnu-tools-for-stm32.7-2018-q2-update.win32_1.5.0.202011040924/tools/bin/../lib/gcc/arm-none-eabi/7.3.1/thumb/v8-m.main/fpv5-sp/hard/crti.o
                0x000000000c002190                _init
 .init          0x000000000c002194        0x8 c:/st/stm32cubeide_1.5.0/stm32cubeide/plugins/com.st.stm32cube.ide.mcu.externaltools.gnu-tools-for-stm32.7-2018-q2-update.win32_1.5.0.202011040924/tools/bin/../lib/gcc/arm-none-eabi/7.3.1/thumb/v8-m.main/fpv5-sp/hard/crtn.o
 *(.fini)
 .fini          0x000000000c00219c        0x4 c:/st/stm32cubeide_1.5.0/stm32cubeide/plugins/com.st.stm32cube.ide.mcu.externaltools.gnu-tools-for-stm32.7-2018-q2-update.win32_1.5.0.202011040924/tools/bin/../lib/gcc/arm-none-eabi/7.3.1/thumb/v8-m.main/fpv5-sp/hard/crti.o
                0x000000000c00219c                _fini
 .fini          0x000000000c0021a0        0x8 c:/st/stm32cubeide_1.5.0/stm32cubeide/plugins/com.st.stm32cube.ide.mcu.externaltools.gnu-tools-for-stm32.7-2018-q2-update.win32_1.5.0.202011040924/tools/bin/../lib/gcc/arm-none-eabi/7.3.1/thumb/v8-m.main/fpv5-sp/hard/crtn.o
                0x000000000c0021a8                . = ALIGN (0x8)
                0x000000000c0021a8                _etext = .

.vfp11_veneer   0x000000000c0021a8        0x0
 .vfp11_veneer  0x000000000c0021a8        0x0 linker stubs

.v4_bx          0x000000000c0021a8        0x0
 .v4_bx         0x000000000c0021a8        0x0 linker stubs

.iplt           0x000000000c0021a8        0x0
 .iplt          0x000000000c0021a8        0x0 c:/st/stm32cubeide_1.5.0/stm32cubeide/plugins/com.st.stm32cube.ide.mcu.externaltools.gnu-tools-for-stm32.7-2018-q2-update.win32_1.5.0.202011040924/tools/bin/../lib/gcc/arm-none-eabi/7.3.1/thumb/v8-m.main/fpv5-sp/hard/crtbegin.o

.rodata         0x000000000c0021a8       0x58
                0x000000000c0021a8                . = ALIGN (0x8)
 *(.rodata)
 .rodata        0x000000000c0021a8        0x8 Application/User/LEDController.o
 *(.rodata*)
 .rodata.AHBPrescTable
                0x000000000c0021b0       0x10 Drivers/CMSIS/system_stm32l5xx_s.o
                0x000000000c0021b0                AHBPrescTable
 .rodata.MSIRangeTable
                0x000000000c0021c0       0x40 Drivers/CMSIS/system_stm32l5xx_s.o
                0x000000000c0021c0                MSIRangeTable
                0x000000000c002200                . = ALIGN (0x8)

.rel.dyn        0x000000000c002200        0x0
 .rel.iplt      0x000000000c002200        0x0 c:/st/stm32cubeide_1.5.0/stm32cubeide/plugins/com.st.stm32cube.ide.mcu.externaltools.gnu-tools-for-stm32.7-2018-q2-update.win32_1.5.0.202011040924/tools/bin/../lib/gcc/arm-none-eabi/7.3.1/thumb/v8-m.main/fpv5-sp/hard/crtbegin.o

.ARM.extab      0x000000000c002200        0x0
                0x000000000c002200                . = ALIGN (0x8)
 *(.ARM.extab* .gnu.linkonce.armextab.*)
                0x000000000c002200                . = ALIGN (0x8)

.ARM            0x000000000c002200        0x0
                0x000000000c002200                . = ALIGN (0x8)
                0x000000000c002200                __exidx_start = .
 *(.ARM.exidx*)
                0x000000000c002200                __exidx_end = .
                0x000000000c002200                . = ALIGN (0x8)

.preinit_array  0x000000000c002200        0x0
                0x000000000c002200                . = ALIGN (0x8)
                0x000000000c002200                PROVIDE (__preinit_array_start = .)
 *(.preinit_array*)
                0x000000000c002200                PROVIDE (__preinit_array_end = .)
                0x000000000c002200                . = ALIGN (0x8)

.init_array     0x000000000c002200        0x8
                0x000000000c002200                . = ALIGN (0x8)
                0x000000000c002200                PROVIDE (__init_array_start = .)
 *(SORT_BY_NAME(.init_array.*))
 *(.init_array*)
 .init_array    0x000000000c002200        0x4 c:/st/stm32cubeide_1.5.0/stm32cubeide/plugins/com.st.stm32cube.ide.mcu.externaltools.gnu-tools-for-stm32.7-2018-q2-update.win32_1.5.0.202011040924/tools/bin/../lib/gcc/arm-none-eabi/7.3.1/thumb/v8-m.main/fpv5-sp/hard/crtbegin.o
 .init_array    0x000000000c002204        0x4 Application/User/LEDController.o
                0x000000000c002208                PROVIDE (__init_array_end = .)
                0x000000000c002208                . = ALIGN (0x8)

.fini_array     0x000000000c002208        0x8
                0x000000000c002208                . = ALIGN (0x8)
                [!provide]                        PROVIDE (__fini_array_start = .)
 *(SORT_BY_NAME(.fini_array.*))
 *(.fini_array*)
 .fini_array    0x000000000c002208        0x4 c:/st/stm32cubeide_1.5.0/stm32cubeide/plugins/com.st.stm32cube.ide.mcu.externaltools.gnu-tools-for-stm32.7-2018-q2-update.win32_1.5.0.202011040924/tools/bin/../lib/gcc/arm-none-eabi/7.3.1/thumb/v8-m.main/fpv5-sp/hard/crtbegin.o
 .fini_array    0x000000000c00220c        0x4 Application/User/LEDController.o
                [!provide]                        PROVIDE (__fini_array_end = .)
                0x000000000c002210                . = ALIGN (0x8)
                0x000000000c002210                _sidata = LOADADDR (.data)

.data           0x0000000030000000       0x20 load address 0x000000000c002210
                0x0000000030000000                . = ALIGN (0x8)
                0x0000000030000000                _sdata = .
 *(.data)
 *(.data*)
 .data.LED_PIN  0x0000000030000000        0x6 Drivers/BSP/stm32l5xx_nucleo.o
 *fill*         0x0000000030000006        0x2 
 .data.LED_PORT
                0x0000000030000008        0xc Drivers/BSP/stm32l5xx_nucleo.o
 .data.SystemCoreClock
                0x0000000030000014        0x4 Drivers/CMSIS/system_stm32l5xx_s.o
                0x0000000030000014                SystemCoreClock
 .data.uwTickPrio
                0x0000000030000018        0x4 Drivers/HAL/stm32l5xx_hal.o
                0x0000000030000018                uwTickPrio
 .data.uwTickFreq
                0x000000003000001c        0x1 Drivers/HAL/stm32l5xx_hal.o
                0x000000003000001c                uwTickFreq
                0x0000000030000020                . = ALIGN (0x8)
 *fill*         0x000000003000001d        0x3 
                0x0000000030000020                _edata = .

.igot.plt       0x0000000030000020        0x0 load address 0x000000000c002230
 .igot.plt      0x0000000030000020        0x0 c:/st/stm32cubeide_1.5.0/stm32cubeide/plugins/com.st.stm32cube.ide.mcu.externaltools.gnu-tools-for-stm32.7-2018-q2-update.win32_1.5.0.202011040924/tools/bin/../lib/gcc/arm-none-eabi/7.3.1/thumb/v8-m.main/fpv5-sp/hard/crtbegin.o

.gnu.sgstubs    0x000000000c03e000       0x60
                0x000000000c03e000                . = ALIGN (0x8)
 *(.gnu.sgstubs*)
                0x000000000c03e000                . = ALIGN (0x8)
 .gnu.sgstubs.__stub
                0x000000000c03e000       0x58 linker stubs
                0x000000000c03e000                SecureInit_DePrioritizeNSExceptions
                0x000000000c03e008                SECURE_SystemCoreClockUpdate
                0x000000000c03e010                SecureContext_AllocateContext
                0x000000000c03e018                SECURE_LEDToggle
                0x000000000c03e020                SecureContext_Init
                0x000000000c03e028                SecureContext_LoadContext
                0x000000000c03e030                SECURE_RegisterCallback
                0x000000000c03e038                SecureContext_SaveContext
                0x000000000c03e040                SecureInit_EnableNSFPUAccess
                0x000000000c03e048                SecureContext_FreeContext
                0x000000000c03e050                LEDS_setGreen
                0x000000000c03e058                . = ALIGN (0x8)

.bss            0x0000000030000020     0x2858
                0x0000000030000020                _sbss = .
                0x0000000030000020                __bss_start__ = _sbss
 *(.bss)
 .bss           0x0000000030000020       0x1c c:/st/stm32cubeide_1.5.0/stm32cubeide/plugins/com.st.stm32cube.ide.mcu.externaltools.gnu-tools-for-stm32.7-2018-q2-update.win32_1.5.0.202011040924/tools/bin/../lib/gcc/arm-none-eabi/7.3.1/thumb/v8-m.main/fpv5-sp/hard/crtbegin.o
 *(.bss*)
 .bss.ledc      0x000000003000003c       0x18 Application/User/LEDController.o
                0x000000003000003c                ledc
 .bss.pSecureFaultCallback
                0x0000000030000054        0x4 Application/User/secure_nsc.o
                0x0000000030000054                pSecureFaultCallback
 .bss.pSecureErrorCallback
                0x0000000030000058        0x4 Application/User/secure_nsc.o
                0x0000000030000058                pSecureErrorCallback
 .bss.ucHeap    0x000000003000005c     0x2800 Middlewares/FreeRTOS/secure_heap.o
 .bss.xStart    0x000000003000285c        0x8 Middlewares/FreeRTOS/secure_heap.o
 .bss.pxEnd     0x0000000030002864        0x4 Middlewares/FreeRTOS/secure_heap.o
 .bss.xFreeBytesRemaining
                0x0000000030002868        0x4 Middlewares/FreeRTOS/secure_heap.o
 .bss.xMinimumEverFreeBytesRemaining
                0x000000003000286c        0x4 Middlewares/FreeRTOS/secure_heap.o
 .bss.xBlockAllocatedBit
                0x0000000030002870        0x4 Middlewares/FreeRTOS/secure_heap.o
 *(COMMON)
 COMMON         0x0000000030002874        0x4 Drivers/HAL/stm32l5xx_hal.o
                0x0000000030002874                uwTick
                0x0000000030002878                . = ALIGN (0x8)
                0x0000000030002878                _ebss = .
                0x0000000030002878                __bss_end__ = _ebss

._user_heap_stack
                0x0000000030002878      0x600
                0x0000000030002878                . = ALIGN (0x8)
                0x0000000030002878                PROVIDE (end = .)
                [!provide]                        PROVIDE (_end = .)
                0x0000000030002a78                . = (. + _Min_Heap_Size)
 *fill*         0x0000000030002878      0x200 
                0x0000000030002e78                . = (. + _Min_Stack_Size)
 *fill*         0x0000000030002a78      0x400 
                0x0000000030002e78                . = ALIGN (0x8)

/DISCARD/
 libc.a(*)
 libm.a(*)
 libgcc.a(*)

.ARM.attributes
                0x0000000000000000       0x36
 *(.ARM.attributes)
 .ARM.attributes
                0x0000000000000000       0x26 c:/st/stm32cubeide_1.5.0/stm32cubeide/plugins/com.st.stm32cube.ide.mcu.externaltools.gnu-tools-for-stm32.7-2018-q2-update.win32_1.5.0.202011040924/tools/bin/../lib/gcc/arm-none-eabi/7.3.1/thumb/v8-m.main/fpv5-sp/hard/crti.o
 .ARM.attributes
                0x0000000000000026       0x38 c:/st/stm32cubeide_1.5.0/stm32cubeide/plugins/com.st.stm32cube.ide.mcu.externaltools.gnu-tools-for-stm32.7-2018-q2-update.win32_1.5.0.202011040924/tools/bin/../lib/gcc/arm-none-eabi/7.3.1/thumb/v8-m.main/fpv5-sp/hard/crtbegin.o
 .ARM.attributes
                0x000000000000005e       0x24 Application/Startup/startup_stm32l552zetxq.o
 .ARM.attributes
                0x0000000000000082       0x3c Application/User/LEDController.o
 .ARM.attributes
                0x00000000000000be       0x3c Application/User/main.o
 .ARM.attributes
                0x00000000000000fa       0x3c Application/User/p9813controller.o
 .ARM.attributes
                0x0000000000000136       0x3c Application/User/secure_nsc.o
 .ARM.attributes
                0x0000000000000172       0x3c Application/User/stm32l5xx_hal_msp.o
 .ARM.attributes
                0x00000000000001ae       0x3c Application/User/stm32l5xx_it.o
 .ARM.attributes
                0x00000000000001ea       0x3c Drivers/BSP/stm32l5xx_nucleo.o
 .ARM.attributes
                0x0000000000000226       0x3c Drivers/CMSIS/system_stm32l5xx_s.o
 .ARM.attributes
                0x0000000000000262       0x3c Drivers/HAL/stm32l5xx_hal.o
 .ARM.attributes
                0x000000000000029e       0x3c Drivers/HAL/stm32l5xx_hal_cortex.o
 .ARM.attributes
                0x00000000000002da       0x3c Drivers/HAL/stm32l5xx_hal_gpio.o
 .ARM.attributes
                0x0000000000000316       0x3c Drivers/HAL/stm32l5xx_hal_gtzc.o
 .ARM.attributes
                0x0000000000000352       0x3c Drivers/HAL/stm32l5xx_hal_icache.o
 .ARM.attributes
                0x000000000000038e       0x3c Drivers/HAL/stm32l5xx_hal_pwr_ex.o
 .ARM.attributes
                0x00000000000003ca       0x38 c:/st/stm32cubeide_1.5.0/stm32cubeide/plugins/com.st.stm32cube.ide.mcu.externaltools.gnu-tools-for-stm32.7-2018-q2-update.win32_1.5.0.202011040924/tools/bin/../lib/gcc/arm-none-eabi/7.3.1/../../../../arm-none-eabi/lib/thumb/v8-m.main/fpv5-sp/hard\libc_nano.a(lib_a-init.o)
 .ARM.attributes
                0x0000000000000402       0x38 c:/st/stm32cubeide_1.5.0/stm32cubeide/plugins/com.st.stm32cube.ide.mcu.externaltools.gnu-tools-for-stm32.7-2018-q2-update.win32_1.5.0.202011040924/tools/bin/../lib/gcc/arm-none-eabi/7.3.1/../../../../arm-none-eabi/lib/thumb/v8-m.main/fpv5-sp/hard\libc_nano.a(lib_a-memset.o)
 .ARM.attributes
                0x000000000000043a       0x24 c:/st/stm32cubeide_1.5.0/stm32cubeide/plugins/com.st.stm32cube.ide.mcu.externaltools.gnu-tools-for-stm32.7-2018-q2-update.win32_1.5.0.202011040924/tools/bin/../lib/gcc/arm-none-eabi/7.3.1/thumb/v8-m.main/fpv5-sp/hard\libgcc.a(cmse_nonsecure_call.o)
 .ARM.attributes
                0x000000000000045e       0x26 c:/st/stm32cubeide_1.5.0/stm32cubeide/plugins/com.st.stm32cube.ide.mcu.externaltools.gnu-tools-for-stm32.7-2018-q2-update.win32_1.5.0.202011040924/tools/bin/../lib/gcc/arm-none-eabi/7.3.1/thumb/v8-m.main/fpv5-sp/hard/crtn.o
OUTPUT(Demonstrator_Secure.elf elf32-littlearm)

.debug_line     0x0000000000000000     0x8e84
 .debug_line    0x0000000000000000       0x8d Application/Startup/startup_stm32l552zetxq.o
 .debug_line    0x000000000000008d      0xa05 Application/User/LEDController.o
 .debug_line    0x0000000000000a92      0xac1 Application/User/main.o
 .debug_line    0x0000000000001553      0x8c6 Application/User/p9813controller.o
 .debug_line    0x0000000000001e19      0xad7 Application/User/secure_nsc.o
 .debug_line    0x00000000000028f0      0x85a Application/User/stm32l5xx_hal_msp.o
 .debug_line    0x000000000000314a      0x934 Application/User/stm32l5xx_it.o
 .debug_line    0x0000000000003a7e      0x9f4 Drivers/BSP/stm32l5xx_nucleo.o
 .debug_line    0x0000000000004472      0x86b Drivers/CMSIS/system_stm32l5xx_s.o
 .debug_line    0x0000000000004cdd      0xa94 Drivers/HAL/stm32l5xx_hal.o
 .debug_line    0x0000000000005771      0xa70 Drivers/HAL/stm32l5xx_hal_cortex.o
 .debug_line    0x00000000000061e1      0x9cb Drivers/HAL/stm32l5xx_hal_gpio.o
 .debug_line    0x0000000000006bac      0xd1b Drivers/HAL/stm32l5xx_hal_gtzc.o
 .debug_line    0x00000000000078c7      0x93d Drivers/HAL/stm32l5xx_hal_icache.o
 .debug_line    0x0000000000008204      0xc80 Drivers/HAL/stm32l5xx_hal_pwr_ex.o

.debug_info     0x0000000000000000     0xd0ee
 .debug_info    0x0000000000000000       0x22 Application/Startup/startup_stm32l552zetxq.o
 .debug_info    0x0000000000000022     0x125e Application/User/LEDController.o
 .debug_info    0x0000000000001280     0x19b3 Application/User/main.o
 .debug_info    0x0000000000002c33      0xd52 Application/User/p9813controller.o
 .debug_info    0x0000000000003985     0x11be Application/User/secure_nsc.o
 .debug_info    0x0000000000004b43      0xec2 Application/User/stm32l5xx_hal_msp.o
 .debug_info    0x0000000000005a05      0x9e6 Application/User/stm32l5xx_it.o
 .debug_info    0x00000000000063eb     0x1929 Drivers/BSP/stm32l5xx_nucleo.o
 .debug_info    0x0000000000007d14      0xb06 Drivers/CMSIS/system_stm32l5xx_s.o
 .debug_info    0x000000000000881a      0xe35 Drivers/HAL/stm32l5xx_hal.o
 .debug_info    0x000000000000964f      0xf18 Drivers/HAL/stm32l5xx_hal_cortex.o
 .debug_info    0x000000000000a567      0x89f Drivers/HAL/stm32l5xx_hal_gpio.o
 .debug_info    0x000000000000ae06      0xd4e Drivers/HAL/stm32l5xx_hal_gtzc.o
 .debug_info    0x000000000000bb54      0x6b3 Drivers/HAL/stm32l5xx_hal_icache.o
 .debug_info    0x000000000000c207      0xee7 Drivers/HAL/stm32l5xx_hal_pwr_ex.o

.debug_abbrev   0x0000000000000000     0x1e7d
 .debug_abbrev  0x0000000000000000       0x12 Application/Startup/startup_stm32l552zetxq.o
 .debug_abbrev  0x0000000000000012      0x31e Application/User/LEDController.o
 .debug_abbrev  0x0000000000000330      0x25f Application/User/main.o
 .debug_abbrev  0x000000000000058f      0x285 Application/User/p9813controller.o
 .debug_abbrev  0x0000000000000814      0x1f4 Application/User/secure_nsc.o
 .debug_abbrev  0x0000000000000a08      0x179 Application/User/stm32l5xx_hal_msp.o
 .debug_abbrev  0x0000000000000b81      0x179 Application/User/stm32l5xx_it.o
 .debug_abbrev  0x0000000000000cfa      0x295 Drivers/BSP/stm32l5xx_nucleo.o
 .debug_abbrev  0x0000000000000f8f      0x1ab Drivers/CMSIS/system_stm32l5xx_s.o
 .debug_abbrev  0x000000000000113a      0x276 Drivers/HAL/stm32l5xx_hal.o
 .debug_abbrev  0x00000000000013b0      0x2f1 Drivers/HAL/stm32l5xx_hal_cortex.o
 .debug_abbrev  0x00000000000016a1      0x1b7 Drivers/HAL/stm32l5xx_hal_gpio.o
 .debug_abbrev  0x0000000000001858      0x1c4 Drivers/HAL/stm32l5xx_hal_gtzc.o
 .debug_abbrev  0x0000000000001a1c      0x212 Drivers/HAL/stm32l5xx_hal_icache.o
 .debug_abbrev  0x0000000000001c2e      0x24f Drivers/HAL/stm32l5xx_hal_pwr_ex.o

.debug_aranges  0x0000000000000000      0x8c8
 .debug_aranges
                0x0000000000000000       0x28 Application/Startup/startup_stm32l552zetxq.o
 .debug_aranges
                0x0000000000000028       0xb0 Application/User/LEDController.o
 .debug_aranges
                0x00000000000000d8       0x40 Application/User/main.o
 .debug_aranges
                0x0000000000000118       0x38 Application/User/p9813controller.o
 .debug_aranges
                0x0000000000000150       0x30 Application/User/secure_nsc.o
 .debug_aranges
                0x0000000000000180       0x20 Application/User/stm32l5xx_hal_msp.o
 .debug_aranges
                0x00000000000001a0       0x70 Application/User/stm32l5xx_it.o
 .debug_aranges
                0x0000000000000210       0xc0 Drivers/BSP/stm32l5xx_nucleo.o
 .debug_aranges
                0x00000000000002d0       0x38 Drivers/CMSIS/system_stm32l5xx_s.o
 .debug_aranges
                0x0000000000000308      0x140 Drivers/HAL/stm32l5xx_hal.o
 .debug_aranges
                0x0000000000000448      0x100 Drivers/HAL/stm32l5xx_hal_cortex.o
 .debug_aranges
                0x0000000000000548       0x70 Drivers/HAL/stm32l5xx_hal_gpio.o
 .debug_aranges
                0x00000000000005b8       0xb8 Drivers/HAL/stm32l5xx_hal_gtzc.o
 .debug_aranges
                0x0000000000000670       0xa0 Drivers/HAL/stm32l5xx_hal_icache.o
 .debug_aranges
                0x0000000000000710      0x1b8 Drivers/HAL/stm32l5xx_hal_pwr_ex.o

.debug_str      0x0000000000000000   0x10b198
 .debug_str     0x0000000000000000       0x9d Application/Startup/startup_stm32l552zetxq.o
 .debug_str     0x000000000000009d   0x102f6f Application/User/LEDController.o
                                     0x1034e7 (size before relaxing)
 .debug_str     0x000000000010300c     0x471d Application/User/main.o
                                     0x106e2c (size before relaxing)
 .debug_str     0x0000000000107729       0xea Application/User/p9813controller.o
                                     0x1030bb (size before relaxing)
 .debug_str     0x0000000000107813      0x76d Application/User/secure_nsc.o
                                     0x1070e8 (size before relaxing)
 .debug_str     0x0000000000107f80      0x636 Application/User/stm32l5xx_hal_msp.o
                                     0x1030ab (size before relaxing)
 .debug_str     0x00000000001085b6      0x121 Application/User/stm32l5xx_it.o
                                     0x1029f0 (size before relaxing)
 .debug_str     0x00000000001086d7      0x4ab Drivers/BSP/stm32l5xx_nucleo.o
                                     0x103576 (size before relaxing)
 .debug_str     0x0000000000108b82      0x6f8 Drivers/CMSIS/system_stm32l5xx_s.o
                                     0x10243a (size before relaxing)
 .debug_str     0x000000000010927a      0x586 Drivers/HAL/stm32l5xx_hal.o
                                     0x102897 (size before relaxing)
 .debug_str     0x0000000000109800      0x27b Drivers/HAL/stm32l5xx_hal_cortex.o
                                     0x102565 (size before relaxing)
 .debug_str     0x0000000000109a7b      0x2f7 Drivers/HAL/stm32l5xx_hal_gpio.o
                                     0x101e60 (size before relaxing)
 .debug_str     0x0000000000109d72      0x995 Drivers/HAL/stm32l5xx_hal_gtzc.o
                                     0x10253b (size before relaxing)
 .debug_str     0x000000000010a707      0x326 Drivers/HAL/stm32l5xx_hal_icache.o
                                     0x101dfd (size before relaxing)
 .debug_str     0x000000000010aa2d      0x76b Drivers/HAL/stm32l5xx_hal_pwr_ex.o
                                     0x102505 (size before relaxing)

.debug_ranges   0x0000000000000000      0x7e0
 .debug_ranges  0x0000000000000000       0x20 Application/Startup/startup_stm32l552zetxq.o
 .debug_ranges  0x0000000000000020       0xa0 Application/User/LEDController.o
 .debug_ranges  0x00000000000000c0       0x30 Application/User/main.o
 .debug_ranges  0x00000000000000f0       0x28 Application/User/p9813controller.o
 .debug_ranges  0x0000000000000118       0x20 Application/User/secure_nsc.o
 .debug_ranges  0x0000000000000138       0x10 Application/User/stm32l5xx_hal_msp.o
 .debug_ranges  0x0000000000000148       0x60 Application/User/stm32l5xx_it.o
 .debug_ranges  0x00000000000001a8       0xb0 Drivers/BSP/stm32l5xx_nucleo.o
 .debug_ranges  0x0000000000000258       0x28 Drivers/CMSIS/system_stm32l5xx_s.o
 .debug_ranges  0x0000000000000280      0x130 Drivers/HAL/stm32l5xx_hal.o
 .debug_ranges  0x00000000000003b0       0xf0 Drivers/HAL/stm32l5xx_hal_cortex.o
 .debug_ranges  0x00000000000004a0       0x60 Drivers/HAL/stm32l5xx_hal_gpio.o
 .debug_ranges  0x0000000000000500       0xa8 Drivers/HAL/stm32l5xx_hal_gtzc.o
 .debug_ranges  0x00000000000005a8       0x90 Drivers/HAL/stm32l5xx_hal_icache.o
 .debug_ranges  0x0000000000000638      0x1a8 Drivers/HAL/stm32l5xx_hal_pwr_ex.o

.debug_macro    0x0000000000000000    0x2b746
 .debug_macro   0x0000000000000000      0x25b Application/User/LEDController.o
 .debug_macro   0x000000000000025b      0xb38 Application/User/LEDController.o
 .debug_macro   0x0000000000000d93      0x19c Application/User/LEDController.o
 .debug_macro   0x0000000000000f2f      0x17b Application/User/LEDController.o
 .debug_macro   0x00000000000010aa       0x63 Application/User/LEDController.o
 .debug_macro   0x000000000000110d       0x2e Application/User/LEDController.o
 .debug_macro   0x000000000000113b       0x42 Application/User/LEDController.o
 .debug_macro   0x000000000000117d       0x1c Application/User/LEDController.o
 .debug_macro   0x0000000000001199       0x22 Application/User/LEDController.o
 .debug_macro   0x00000000000011bb       0x8e Application/User/LEDController.o
 .debug_macro   0x0000000000001249       0x51 Application/User/LEDController.o
 .debug_macro   0x000000000000129a       0xef Application/User/LEDController.o
 .debug_macro   0x0000000000001389       0x6a Application/User/LEDController.o
 .debug_macro   0x00000000000013f3      0x1df Application/User/LEDController.o
 .debug_macro   0x00000000000015d2       0x1c Application/User/LEDController.o
 .debug_macro   0x00000000000015ee       0x29 Application/User/LEDController.o
 .debug_macro   0x0000000000001617      0x101 Application/User/LEDController.o
 .debug_macro   0x0000000000001718     0x1486 Application/User/LEDController.o
 .debug_macro   0x0000000000002b9e       0x5e Application/User/LEDController.o
 .debug_macro   0x0000000000002bfc    0x1ac43 Application/User/LEDController.o
 .debug_macro   0x000000000001d83f       0x42 Application/User/LEDController.o
 .debug_macro   0x000000000001d881     0x34d8 Application/User/LEDController.o
 .debug_macro   0x0000000000020d59       0x5c Application/User/LEDController.o
 .debug_macro   0x0000000000020db5     0x1956 Application/User/LEDController.o
 .debug_macro   0x000000000002270b      0xa4b Application/User/LEDController.o
 .debug_macro   0x0000000000023156      0x168 Application/User/LEDController.o
 .debug_macro   0x00000000000232be      0x1d9 Application/User/LEDController.o
 .debug_macro   0x0000000000023497      0x50b Application/User/LEDController.o
 .debug_macro   0x00000000000239a2      0x1ac Application/User/LEDController.o
 .debug_macro   0x0000000000023b4e       0x4a Application/User/LEDController.o
 .debug_macro   0x0000000000023b98       0x51 Application/User/LEDController.o
 .debug_macro   0x0000000000023be9      0x23f Application/User/LEDController.o
 .debug_macro   0x0000000000023e28      0x432 Application/User/LEDController.o
 .debug_macro   0x000000000002425a       0x4f Application/User/LEDController.o
 .debug_macro   0x00000000000242a9      0x131 Application/User/LEDController.o
 .debug_macro   0x00000000000243da      0x325 Application/User/LEDController.o
 .debug_macro   0x00000000000246ff      0x22c Application/User/LEDController.o
 .debug_macro   0x000000000002492b       0x5b Application/User/LEDController.o
 .debug_macro   0x0000000000024986       0xa5 Application/User/LEDController.o
 .debug_macro   0x0000000000024a2b       0xf3 Application/User/LEDController.o
 .debug_macro   0x0000000000024b1e      0x1a7 Application/User/LEDController.o
 .debug_macro   0x0000000000024cc5      0x487 Application/User/LEDController.o
 .debug_macro   0x000000000002514c      0xa98 Application/User/LEDController.o
 .debug_macro   0x0000000000025be4      0x186 Application/User/LEDController.o
 .debug_macro   0x0000000000025d6a      0x67e Application/User/LEDController.o
 .debug_macro   0x00000000000263e8       0xa6 Application/User/LEDController.o
 .debug_macro   0x000000000002648e      0x445 Application/User/LEDController.o
 .debug_macro   0x00000000000268d3       0x1c Application/User/LEDController.o
 .debug_macro   0x00000000000268ef       0x52 Application/User/LEDController.o
 .debug_macro   0x0000000000026941      0x14c Application/User/LEDController.o
 .debug_macro   0x0000000000026a8d      0x3a1 Application/User/main.o
 .debug_macro   0x0000000000026e2e      0xa60 Application/User/main.o
 .debug_macro   0x000000000002788e       0x16 Application/User/main.o
 .debug_macro   0x00000000000278a4      0x174 Application/User/main.o
 .debug_macro   0x0000000000027a18     0x1486 Application/User/main.o
 .debug_macro   0x0000000000028e9e       0x22 Application/User/main.o
 .debug_macro   0x0000000000028ec0       0x46 Application/User/main.o
 .debug_macro   0x0000000000028f06       0x18 Application/User/main.o
 .debug_macro   0x0000000000028f1e       0x3c Application/User/main.o
 .debug_macro   0x0000000000028f5a       0x34 Application/User/main.o
 .debug_macro   0x0000000000028f8e       0x16 Application/User/main.o
 .debug_macro   0x0000000000028fa4       0x35 Application/User/main.o
 .debug_macro   0x0000000000028fd9      0x32a Application/User/main.o
 .debug_macro   0x0000000000029303       0x10 Application/User/main.o
 .debug_macro   0x0000000000029313       0x52 Application/User/main.o
 .debug_macro   0x0000000000029365       0x1f Application/User/main.o
 .debug_macro   0x0000000000029384       0x43 Application/User/main.o
 .debug_macro   0x00000000000293c7       0x20 Application/User/main.o
 .debug_macro   0x00000000000293e7      0x1a3 Application/User/main.o
 .debug_macro   0x000000000002958a       0x10 Application/User/main.o
 .debug_macro   0x000000000002959a       0x1c Application/User/main.o
 .debug_macro   0x00000000000295b6       0x52 Application/User/main.o
 .debug_macro   0x0000000000029608       0x40 Application/User/main.o
 .debug_macro   0x0000000000029648       0x10 Application/User/main.o
 .debug_macro   0x0000000000029658       0x40 Application/User/main.o
 .debug_macro   0x0000000000029698       0xd7 Application/User/main.o
 .debug_macro   0x000000000002976f       0x1c Application/User/main.o
 .debug_macro   0x000000000002978b       0x3d Application/User/main.o
 .debug_macro   0x00000000000297c8       0x16 Application/User/main.o
 .debug_macro   0x00000000000297de      0x145 Application/User/main.o
 .debug_macro   0x0000000000029923      0x243 Application/User/p9813controller.o
 .debug_macro   0x0000000000029b66      0x3ae Application/User/secure_nsc.o
 .debug_macro   0x0000000000029f14       0x70 Application/User/secure_nsc.o
 .debug_macro   0x0000000000029f84      0x241 Application/User/stm32l5xx_hal_msp.o
 .debug_macro   0x000000000002a1c5      0x24b Application/User/stm32l5xx_it.o
 .debug_macro   0x000000000002a410      0x234 Drivers/BSP/stm32l5xx_nucleo.o
 .debug_macro   0x000000000002a644      0x226 Drivers/CMSIS/system_stm32l5xx_s.o
 .debug_macro   0x000000000002a86a      0x17d Drivers/CMSIS/system_stm32l5xx_s.o
 .debug_macro   0x000000000002a9e7      0x23d Drivers/HAL/stm32l5xx_hal.o
 .debug_macro   0x000000000002ac24      0x20d Drivers/HAL/stm32l5xx_hal_cortex.o
 .debug_macro   0x000000000002ae31      0x240 Drivers/HAL/stm32l5xx_hal_gpio.o
 .debug_macro   0x000000000002b071      0x27f Drivers/HAL/stm32l5xx_hal_gtzc.o
 .debug_macro   0x000000000002b2f0      0x219 Drivers/HAL/stm32l5xx_hal_icache.o
 .debug_macro   0x000000000002b509      0x23d Drivers/HAL/stm32l5xx_hal_pwr_ex.o

.comment        0x0000000000000000       0x7b
 .comment       0x0000000000000000       0x7b Application/User/LEDController.o
                                         0x7c (size before relaxing)
 .comment       0x000000000000007b       0x7c Application/User/main.o
 .comment       0x000000000000007b       0x7c Application/User/p9813controller.o
 .comment       0x000000000000007b       0x7c Application/User/secure_nsc.o
 .comment       0x000000000000007b       0x7c Application/User/stm32l5xx_hal_msp.o
 .comment       0x000000000000007b       0x7c Application/User/stm32l5xx_it.o
 .comment       0x000000000000007b       0x7c Drivers/BSP/stm32l5xx_nucleo.o
 .comment       0x000000000000007b       0x7c Drivers/CMSIS/system_stm32l5xx_s.o
 .comment       0x000000000000007b       0x7c Drivers/HAL/stm32l5xx_hal.o
 .comment       0x000000000000007b       0x7c Drivers/HAL/stm32l5xx_hal_cortex.o
 .comment       0x000000000000007b       0x7c Drivers/HAL/stm32l5xx_hal_gpio.o
 .comment       0x000000000000007b       0x7c Drivers/HAL/stm32l5xx_hal_gtzc.o
 .comment       0x000000000000007b       0x7c Drivers/HAL/stm32l5xx_hal_icache.o
 .comment       0x000000000000007b       0x7c Drivers/HAL/stm32l5xx_hal_pwr_ex.o

.debug_frame    0x0000000000000000     0x2190
 .debug_frame   0x0000000000000000      0x2c8 Application/User/LEDController.o
 .debug_frame   0x00000000000002c8       0xb4 Application/User/main.o
 .debug_frame   0x000000000000037c       0xa0 Application/User/p9813controller.o
 .debug_frame   0x000000000000041c       0x84 Application/User/secure_nsc.o
 .debug_frame   0x00000000000004a0       0x34 Application/User/stm32l5xx_hal_msp.o
 .debug_frame   0x00000000000004d4      0x15c Application/User/stm32l5xx_it.o
 .debug_frame   0x0000000000000630      0x2f4 Drivers/BSP/stm32l5xx_nucleo.o
 .debug_frame   0x0000000000000924       0x98 Drivers/CMSIS/system_stm32l5xx_s.o
 .debug_frame   0x00000000000009bc      0x4f4 Drivers/HAL/stm32l5xx_hal.o
 .debug_frame   0x0000000000000eb0      0x428 Drivers/HAL/stm32l5xx_hal_cortex.o
 .debug_frame   0x00000000000012d8      0x1c4 Drivers/HAL/stm32l5xx_hal_gpio.o
 .debug_frame   0x000000000000149c      0x32c Drivers/HAL/stm32l5xx_hal_gtzc.o
 .debug_frame   0x00000000000017c8      0x280 Drivers/HAL/stm32l5xx_hal_icache.o
 .debug_frame   0x0000000000001a48      0x6fc Drivers/HAL/stm32l5xx_hal_pwr_ex.o
 .debug_frame   0x0000000000002144       0x2c c:/st/stm32cubeide_1.5.0/stm32cubeide/plugins/com.st.stm32cube.ide.mcu.externaltools.gnu-tools-for-stm32.7-2018-q2-update.win32_1.5.0.202011040924/tools/bin/../lib/gcc/arm-none-eabi/7.3.1/../../../../arm-none-eabi/lib/thumb/v8-m.main/fpv5-sp/hard\libc_nano.a(lib_a-init.o)
 .debug_frame   0x0000000000002170       0x20 c:/st/stm32cubeide_1.5.0/stm32cubeide/plugins/com.st.stm32cube.ide.mcu.externaltools.gnu-tools-for-stm32.7-2018-q2-update.win32_1.5.0.202011040924/tools/bin/../lib/gcc/arm-none-eabi/7.3.1/../../../../arm-none-eabi/lib/thumb/v8-m.main/fpv5-sp/hard\libc_nano.a(lib_a-memset.o)
