port.c:326:13:prvSetupTimerInterrupt	4	static
port.c:338:13:prvTaskExitError	16	static,ignoring_inline_asm
port.c:473:6:vPortYield	4	static,ignoring_inline_asm
port.c:485:6:vPortEnterCritical	4	static,ignoring_inline_asm
port.c:497:6:vPortExitCritical	4	static,ignoring_inline_asm
port.c:509:6:SysTick_Handler	16	static
port.c:526:6:vPortSVCHandler_C	32	static,ignoring_inline_asm
port.c:652:15:pxPortInitialiseStack	24	static
port.c:761:12:xPortStartScheduler	8	static
port.c:798:6:vPortEndScheduler	4	static,ignoring_inline_asm
